May 19 14:14:41 arch-server kernel: Linux version 6.9.1-arch1-1 (linux@archlinux) (gcc (GCC) 14.1.1 20240507, GNU ld (GNU Binutils) 2.42.0) #1 SMP PREEMPT_DYNAMIC Fri, 17 May 2024 16:56:38 +0000
May 19 14:14:41 arch-server kernel: Command line: initrd=\initramfs-linux.img root=PARTUUID=20e9643d-6c37-4e4c-a979-36887b316931 zswap.enabled=0 rw rootfstype=ext4
May 19 14:14:41 arch-server kernel: BIOS-provided physical RAM map:
May 19 14:14:41 arch-server kernel: BIOS-e820: [mem 0x0000000000000000-0x0000000000057fff] usable
May 19 14:14:41 arch-server kernel: BIOS-e820: [mem 0x0000000000058000-0x0000000000058fff] reserved
May 19 14:14:41 arch-server kernel: BIOS-e820: [mem 0x0000000000059000-0x000000000009efff] usable
May 19 14:14:41 arch-server kernel: BIOS-e820: [mem 0x000000000009f000-0x000000000009ffff] reserved
May 19 14:14:41 arch-server kernel: BIOS-e820: [mem 0x0000000000100000-0x000000009cd36fff] usable
May 19 14:14:41 arch-server kernel: BIOS-e820: [mem 0x000000009cd37000-0x000000009cd3dfff] ACPI NVS
May 19 14:14:41 arch-server kernel: BIOS-e820: [mem 0x000000009cd3e000-0x000000009d19cfff] usable
May 19 14:14:41 arch-server kernel: BIOS-e820: [mem 0x000000009d19d000-0x000000009d612fff] reserved
May 19 14:14:41 arch-server kernel: BIOS-e820: [mem 0x000000009d613000-0x00000000bda63fff] usable
May 19 14:14:41 arch-server kernel: BIOS-e820: [mem 0x00000000bda64000-0x00000000bdc76fff] reserved
May 19 14:14:41 arch-server kernel: BIOS-e820: [mem 0x00000000bdc77000-0x00000000bdc94fff] ACPI data
May 19 14:14:41 arch-server kernel: BIOS-e820: [mem 0x00000000bdc95000-0x00000000be1bdfff] ACPI NVS
May 19 14:14:41 arch-server kernel: BIOS-e820: [mem 0x00000000be1be000-0x00000000beffefff] reserved
May 19 14:14:41 arch-server kernel: BIOS-e820: [mem 0x00000000befff000-0x00000000beffffff] usable
May 19 14:14:41 arch-server kernel: BIOS-e820: [mem 0x00000000e0000000-0x00000000efffffff] reserved
May 19 14:14:41 arch-server kernel: BIOS-e820: [mem 0x00000000fec00000-0x00000000fec00fff] reserved
May 19 14:14:41 arch-server kernel: BIOS-e820: [mem 0x00000000fed00000-0x00000000fed03fff] reserved
May 19 14:14:41 arch-server kernel: BIOS-e820: [mem 0x00000000fed1c000-0x00000000fed1ffff] reserved
May 19 14:14:41 arch-server kernel: BIOS-e820: [mem 0x00000000fee00000-0x00000000fee00fff] reserved
May 19 14:14:41 arch-server kernel: BIOS-e820: [mem 0x00000000ff000000-0x00000000ffffffff] reserved
May 19 14:14:41 arch-server kernel: BIOS-e820: [mem 0x0000000100000000-0x000000043effffff] usable
May 19 14:14:41 arch-server kernel: NX (Execute Disable) protection: active
May 19 14:14:41 arch-server kernel: APIC: Static calls initialized
May 19 14:14:41 arch-server kernel: e820: update [mem 0x9ad8c018-0x9ada8e57] usable ==> usable
May 19 14:14:41 arch-server kernel: e820: update [mem 0x9ad7a018-0x9ad8b057] usable ==> usable
May 19 14:14:41 arch-server kernel: extended physical RAM map:
May 19 14:14:41 arch-server kernel: reserve setup_data: [mem 0x0000000000000000-0x0000000000057fff] usable
May 19 14:14:41 arch-server kernel: reserve setup_data: [mem 0x0000000000058000-0x0000000000058fff] reserved
May 19 14:14:41 arch-server kernel: reserve setup_data: [mem 0x0000000000059000-0x000000000009efff] usable
May 19 14:14:41 arch-server kernel: reserve setup_data: [mem 0x000000000009f000-0x000000000009ffff] reserved
May 19 14:14:41 arch-server kernel: reserve setup_data: [mem 0x0000000000100000-0x000000009ad7a017] usable
May 19 14:14:41 arch-server kernel: reserve setup_data: [mem 0x000000009ad7a018-0x000000009ad8b057] usable
May 19 14:14:41 arch-server kernel: reserve setup_data: [mem 0x000000009ad8b058-0x000000009ad8c017] usable
May 19 14:14:41 arch-server kernel: reserve setup_data: [mem 0x000000009ad8c018-0x000000009ada8e57] usable
May 19 14:14:41 arch-server kernel: reserve setup_data: [mem 0x000000009ada8e58-0x000000009cd36fff] usable
May 19 14:14:41 arch-server kernel: reserve setup_data: [mem 0x000000009cd37000-0x000000009cd3dfff] ACPI NVS
May 19 14:14:41 arch-server kernel: reserve setup_data: [mem 0x000000009cd3e000-0x000000009d19cfff] usable
May 19 14:14:41 arch-server kernel: reserve setup_data: [mem 0x000000009d19d000-0x000000009d612fff] reserved
May 19 14:14:41 arch-server kernel: reserve setup_data: [mem 0x000000009d613000-0x00000000bda63fff] usable
May 19 14:14:41 arch-server kernel: reserve setup_data: [mem 0x00000000bda64000-0x00000000bdc76fff] reserved
May 19 14:14:41 arch-server kernel: reserve setup_data: [mem 0x00000000bdc77000-0x00000000bdc94fff] ACPI data
May 19 14:14:41 arch-server kernel: reserve setup_data: [mem 0x00000000bdc95000-0x00000000be1bdfff] ACPI NVS
May 19 14:14:41 arch-server kernel: reserve setup_data: [mem 0x00000000be1be000-0x00000000beffefff] reserved
May 19 14:14:41 arch-server kernel: reserve setup_data: [mem 0x00000000befff000-0x00000000beffffff] usable
May 19 14:14:41 arch-server kernel: reserve setup_data: [mem 0x00000000e0000000-0x00000000efffffff] reserved
May 19 14:14:41 arch-server kernel: reserve setup_data: [mem 0x00000000fec00000-0x00000000fec00fff] reserved
May 19 14:14:41 arch-server kernel: reserve setup_data: [mem 0x00000000fed00000-0x00000000fed03fff] reserved
May 19 14:14:41 arch-server kernel: reserve setup_data: [mem 0x00000000fed1c000-0x00000000fed1ffff] reserved
May 19 14:14:41 arch-server kernel: reserve setup_data: [mem 0x00000000fee00000-0x00000000fee00fff] reserved
May 19 14:14:41 arch-server kernel: reserve setup_data: [mem 0x00000000ff000000-0x00000000ffffffff] reserved
May 19 14:14:41 arch-server kernel: reserve setup_data: [mem 0x0000000100000000-0x000000043effffff] usable
May 19 14:14:41 arch-server kernel: efi: EFI v2.3.1 by American Megatrends
May 19 14:14:41 arch-server kernel: efi: ESRT=0xbef4b818 ACPI 2.0=0xbdc7d000 ACPI=0xbdc7d000 SMBIOS=0xf04d0 INITRD=0x9d632698 
May 19 14:14:41 arch-server kernel: efi: Remove mem196: MMIO range=[0xe0000000-0xefffffff] (256MB) from e820 map
May 19 14:14:41 arch-server kernel: e820: remove [mem 0xe0000000-0xefffffff] reserved
May 19 14:14:41 arch-server kernel: efi: Not removing mem197: MMIO range=[0xfec00000-0xfec00fff] (4KB) from e820 map
May 19 14:14:41 arch-server kernel: efi: Not removing mem198: MMIO range=[0xfed00000-0xfed03fff] (16KB) from e820 map
May 19 14:14:41 arch-server kernel: efi: Not removing mem199: MMIO range=[0xfed1c000-0xfed1ffff] (16KB) from e820 map
May 19 14:14:41 arch-server kernel: efi: Not removing mem200: MMIO range=[0xfee00000-0xfee00fff] (4KB) from e820 map
May 19 14:14:41 arch-server kernel: efi: Remove mem201: MMIO range=[0xff000000-0xffffffff] (16MB) from e820 map
May 19 14:14:41 arch-server kernel: e820: remove [mem 0xff000000-0xffffffff] reserved
May 19 14:14:41 arch-server kernel: SMBIOS 2.8 present.
May 19 14:14:41 arch-server kernel: DMI: ASUS All Series/Z97-AR, BIOS 3503 04/18/2018
May 19 14:14:41 arch-server kernel: tsc: Fast TSC calibration using PIT
May 19 14:14:41 arch-server kernel: tsc: Detected 3500.216 MHz processor
May 19 14:14:41 arch-server kernel: e820: update [mem 0x00000000-0x00000fff] usable ==> reserved
May 19 14:14:41 arch-server kernel: e820: remove [mem 0x000a0000-0x000fffff] usable
May 19 14:14:41 arch-server kernel: last_pfn = 0x43f000 max_arch_pfn = 0x400000000
May 19 14:14:41 arch-server kernel: total RAM covered: 16368M
May 19 14:14:41 arch-server kernel: Found optimal setting for mtrr clean up
May 19 14:14:41 arch-server kernel:  gran_size: 64K         chunk_size: 32M         num_reg: 6          lose cover RAM: 0G
May 19 14:14:41 arch-server kernel: MTRR map: 8 entries (5 fixed + 3 variable; max 25), built from 10 variable MTRRs
May 19 14:14:41 arch-server kernel: x86/PAT: Configuration [0-7]: WB  WC  UC- UC  WB  WP  UC- WT  
May 19 14:14:41 arch-server kernel: e820: update [mem 0xc0000000-0xffffffff] usable ==> reserved
May 19 14:14:41 arch-server kernel: last_pfn = 0xbf000 max_arch_pfn = 0x400000000
May 19 14:14:41 arch-server kernel: found SMP MP-table at [mem 0x000fd900-0x000fd90f]
May 19 14:14:41 arch-server kernel: esrt: Reserving ESRT space from 0x00000000bef4b818 to 0x00000000bef4b850.
May 19 14:14:41 arch-server kernel: Using GB pages for direct mapping
May 19 14:14:41 arch-server kernel: Secure boot disabled
May 19 14:14:41 arch-server kernel: RAMDISK: [mem 0x9ada9000-0x9b6e2fff]
May 19 14:14:41 arch-server kernel: ACPI: Early table checksum verification disabled
May 19 14:14:41 arch-server kernel: ACPI: RSDP 0x00000000BDC7D000 000024 (v02 ALASKA)
May 19 14:14:41 arch-server kernel: ACPI: XSDT 0x00000000BDC7D080 00007C (v01 ALASKA A M I    01072009 AMI  00010013)
May 19 14:14:41 arch-server kernel: ACPI: FACP 0x00000000BDC8CDF0 00010C (v05 ALASKA A M I    01072009 AMI  00010013)
May 19 14:14:41 arch-server kernel: ACPI: DSDT 0x00000000BDC7D198 00FC58 (v02 ALASKA A M I    00000011 INTL 20120711)
May 19 14:14:41 arch-server kernel: ACPI: FACS 0x00000000BE1BDF80 000040
May 19 14:14:41 arch-server kernel: ACPI: APIC 0x00000000BDC8CF00 000072 (v03 ALASKA A M I    01072009 AMI  00010013)
May 19 14:14:41 arch-server kernel: ACPI: FPDT 0x00000000BDC8CF78 000044 (v01 ALASKA A M I    01072009 AMI  00010013)
May 19 14:14:41 arch-server kernel: ACPI: SSDT 0x00000000BDC8CFC0 000C7D (v01 Ther_R Ther_Rvp 00001000 INTL 20120711)
May 19 14:14:41 arch-server kernel: ACPI: SSDT 0x00000000BDC8DC40 000539 (v01 PmRef  Cpu0Ist  00003000 INTL 20051117)
May 19 14:14:41 arch-server kernel: ACPI: SSDT 0x00000000BDC8E180 000B74 (v01 CpuRef CpuSsdt  00003000 INTL 20051117)
May 19 14:14:41 arch-server kernel: ACPI: MCFG 0x00000000BDC8ECF8 00003C (v01 ALASKA A M I    01072009 MSFT 00000097)
May 19 14:14:41 arch-server kernel: ACPI: HPET 0x00000000BDC8ED38 000038 (v01 ALASKA A M I    01072009 AMI. 00000005)
May 19 14:14:41 arch-server kernel: ACPI: SSDT 0x00000000BDC8ED70 000495 (v01 IdeRef IdeTable 00001000 INTL 20120711)
May 19 14:14:41 arch-server kernel: ACPI: SSDT 0x00000000BDC8F208 005977 (v01 SaSsdt SaSsdt   00003000 INTL 20120711)
May 19 14:14:41 arch-server kernel: ACPI: UEFI 0x00000000BDC94BD8 000042 (v01 ALASKA A M I    01072009      00000000)
May 19 14:14:41 arch-server kernel: ACPI: Reserving FACP table memory at [mem 0xbdc8cdf0-0xbdc8cefb]
May 19 14:14:41 arch-server kernel: ACPI: Reserving DSDT table memory at [mem 0xbdc7d198-0xbdc8cdef]
May 19 14:14:41 arch-server kernel: ACPI: Reserving FACS table memory at [mem 0xbe1bdf80-0xbe1bdfbf]
May 19 14:14:41 arch-server kernel: ACPI: Reserving APIC table memory at [mem 0xbdc8cf00-0xbdc8cf71]
May 19 14:14:41 arch-server kernel: ACPI: Reserving FPDT table memory at [mem 0xbdc8cf78-0xbdc8cfbb]
May 19 14:14:41 arch-server kernel: ACPI: Reserving SSDT table memory at [mem 0xbdc8cfc0-0xbdc8dc3c]
May 19 14:14:41 arch-server kernel: ACPI: Reserving SSDT table memory at [mem 0xbdc8dc40-0xbdc8e178]
May 19 14:14:41 arch-server kernel: ACPI: Reserving SSDT table memory at [mem 0xbdc8e180-0xbdc8ecf3]
May 19 14:14:41 arch-server kernel: ACPI: Reserving MCFG table memory at [mem 0xbdc8ecf8-0xbdc8ed33]
May 19 14:14:41 arch-server kernel: ACPI: Reserving HPET table memory at [mem 0xbdc8ed38-0xbdc8ed6f]
May 19 14:14:41 arch-server kernel: ACPI: Reserving SSDT table memory at [mem 0xbdc8ed70-0xbdc8f204]
May 19 14:14:41 arch-server kernel: ACPI: Reserving SSDT table memory at [mem 0xbdc8f208-0xbdc94b7e]
May 19 14:14:41 arch-server kernel: ACPI: Reserving UEFI table memory at [mem 0xbdc94bd8-0xbdc94c19]
May 19 14:14:41 arch-server kernel: No NUMA configuration found
May 19 14:14:41 arch-server kernel: Faking a node at [mem 0x0000000000000000-0x000000043effffff]
May 19 14:14:41 arch-server kernel: NODE_DATA(0) allocated [mem 0x43effb000-0x43effffff]
May 19 14:14:41 arch-server kernel: Zone ranges:
May 19 14:14:41 arch-server kernel:   DMA      [mem 0x0000000000001000-0x0000000000ffffff]
May 19 14:14:41 arch-server kernel:   DMA32    [mem 0x0000000001000000-0x00000000ffffffff]
May 19 14:14:41 arch-server kernel:   Normal   [mem 0x0000000100000000-0x000000043effffff]
May 19 14:14:41 arch-server kernel:   Device   empty
May 19 14:14:41 arch-server kernel: Movable zone start for each node
May 19 14:14:41 arch-server kernel: Early memory node ranges
May 19 14:14:41 arch-server kernel:   node   0: [mem 0x0000000000001000-0x0000000000057fff]
May 19 14:14:41 arch-server kernel:   node   0: [mem 0x0000000000059000-0x000000000009efff]
May 19 14:14:41 arch-server kernel:   node   0: [mem 0x0000000000100000-0x000000009cd36fff]
May 19 14:14:41 arch-server kernel:   node   0: [mem 0x000000009cd3e000-0x000000009d19cfff]
May 19 14:14:41 arch-server kernel:   node   0: [mem 0x000000009d613000-0x00000000bda63fff]
May 19 14:14:41 arch-server kernel:   node   0: [mem 0x00000000befff000-0x00000000beffffff]
May 19 14:14:41 arch-server kernel:   node   0: [mem 0x0000000100000000-0x000000043effffff]
May 19 14:14:41 arch-server kernel: Initmem setup node 0 [mem 0x0000000000001000-0x000000043effffff]
May 19 14:14:41 arch-server kernel: On node 0, zone DMA: 1 pages in unavailable ranges
May 19 14:14:41 arch-server kernel: On node 0, zone DMA: 1 pages in unavailable ranges
May 19 14:14:41 arch-server kernel: On node 0, zone DMA: 97 pages in unavailable ranges
May 19 14:14:41 arch-server kernel: On node 0, zone DMA32: 7 pages in unavailable ranges
May 19 14:14:41 arch-server kernel: On node 0, zone DMA32: 1142 pages in unavailable ranges
May 19 14:14:41 arch-server kernel: On node 0, zone DMA32: 5531 pages in unavailable ranges
May 19 14:14:41 arch-server kernel: On node 0, zone Normal: 4096 pages in unavailable ranges
May 19 14:14:41 arch-server kernel: On node 0, zone Normal: 4096 pages in unavailable ranges
May 19 14:14:41 arch-server kernel: ACPI: PM-Timer IO Port: 0x1808
May 19 14:14:41 arch-server kernel: ACPI: LAPIC_NMI (acpi_id[0xff] high edge lint[0x1])
May 19 14:14:41 arch-server kernel: IOAPIC[0]: apic_id 8, version 32, address 0xfec00000, GSI 0-23
May 19 14:14:41 arch-server kernel: ACPI: INT_SRC_OVR (bus 0 bus_irq 0 global_irq 2 dfl dfl)
May 19 14:14:41 arch-server kernel: ACPI: INT_SRC_OVR (bus 0 bus_irq 9 global_irq 9 high level)
May 19 14:14:41 arch-server kernel: ACPI: Using ACPI (MADT) for SMP configuration information
May 19 14:14:41 arch-server kernel: ACPI: HPET id: 0x8086a701 base: 0xfed00000
May 19 14:14:41 arch-server kernel: TSC deadline timer available
May 19 14:14:41 arch-server kernel: CPU topo: Max. logical packages:   1
May 19 14:14:41 arch-server kernel: CPU topo: Max. logical dies:       1
May 19 14:14:41 arch-server kernel: CPU topo: Max. dies per package:   1
May 19 14:14:41 arch-server kernel: CPU topo: Max. threads per core:   1
May 19 14:14:41 arch-server kernel: CPU topo: Num. cores per package:     4
May 19 14:14:41 arch-server kernel: CPU topo: Num. threads per package:   4
May 19 14:14:41 arch-server kernel: CPU topo: Allowing 4 present CPUs plus 0 hotplug CPUs
May 19 14:14:41 arch-server kernel: PM: hibernation: Registered nosave memory: [mem 0x00000000-0x00000fff]
May 19 14:14:41 arch-server kernel: PM: hibernation: Registered nosave memory: [mem 0x00058000-0x00058fff]
May 19 14:14:41 arch-server kernel: PM: hibernation: Registered nosave memory: [mem 0x0009f000-0x0009ffff]
May 19 14:14:41 arch-server kernel: PM: hibernation: Registered nosave memory: [mem 0x000a0000-0x000fffff]
May 19 14:14:41 arch-server kernel: PM: hibernation: Registered nosave memory: [mem 0x9ad7a000-0x9ad7afff]
May 19 14:14:41 arch-server kernel: PM: hibernation: Registered nosave memory: [mem 0x9ad8b000-0x9ad8bfff]
May 19 14:14:41 arch-server kernel: PM: hibernation: Registered nosave memory: [mem 0x9ad8c000-0x9ad8cfff]
May 19 14:14:41 arch-server kernel: PM: hibernation: Registered nosave memory: [mem 0x9ada8000-0x9ada8fff]
May 19 14:14:41 arch-server kernel: PM: hibernation: Registered nosave memory: [mem 0x9cd37000-0x9cd3dfff]
May 19 14:14:41 arch-server kernel: PM: hibernation: Registered nosave memory: [mem 0x9d19d000-0x9d612fff]
May 19 14:14:41 arch-server kernel: PM: hibernation: Registered nosave memory: [mem 0xbda64000-0xbdc76fff]
May 19 14:14:41 arch-server kernel: PM: hibernation: Registered nosave memory: [mem 0xbdc77000-0xbdc94fff]
May 19 14:14:41 arch-server kernel: PM: hibernation: Registered nosave memory: [mem 0xbdc95000-0xbe1bdfff]
May 19 14:14:41 arch-server kernel: PM: hibernation: Registered nosave memory: [mem 0xbe1be000-0xbeffefff]
May 19 14:14:41 arch-server kernel: PM: hibernation: Registered nosave memory: [mem 0xbf000000-0xfebfffff]
May 19 14:14:41 arch-server kernel: PM: hibernation: Registered nosave memory: [mem 0xfec00000-0xfec00fff]
May 19 14:14:41 arch-server kernel: PM: hibernation: Registered nosave memory: [mem 0xfec01000-0xfecfffff]
May 19 14:14:41 arch-server kernel: PM: hibernation: Registered nosave memory: [mem 0xfed00000-0xfed03fff]
May 19 14:14:41 arch-server kernel: PM: hibernation: Registered nosave memory: [mem 0xfed04000-0xfed1bfff]
May 19 14:14:41 arch-server kernel: PM: hibernation: Registered nosave memory: [mem 0xfed1c000-0xfed1ffff]
May 19 14:14:41 arch-server kernel: PM: hibernation: Registered nosave memory: [mem 0xfed20000-0xfedfffff]
May 19 14:14:41 arch-server kernel: PM: hibernation: Registered nosave memory: [mem 0xfee00000-0xfee00fff]
May 19 14:14:41 arch-server kernel: PM: hibernation: Registered nosave memory: [mem 0xfee01000-0xffffffff]
May 19 14:14:41 arch-server kernel: [mem 0xbf000000-0xfebfffff] available for PCI devices
May 19 14:14:41 arch-server kernel: Booting paravirtualized kernel on bare hardware
May 19 14:14:41 arch-server kernel: clocksource: refined-jiffies: mask: 0xffffffff max_cycles: 0xffffffff, max_idle_ns: 6370452778343963 ns
May 19 14:14:41 arch-server kernel: setup_percpu: NR_CPUS:320 nr_cpumask_bits:4 nr_cpu_ids:4 nr_node_ids:1
May 19 14:14:41 arch-server kernel: percpu: Embedded 66 pages/cpu s233472 r8192 d28672 u524288
May 19 14:14:41 arch-server kernel: pcpu-alloc: s233472 r8192 d28672 u524288 alloc=1*2097152
May 19 14:14:41 arch-server kernel: pcpu-alloc: [0] 0 1 2 3 
May 19 14:14:41 arch-server kernel: Kernel command line: initrd=\initramfs-linux.img root=PARTUUID=20e9643d-6c37-4e4c-a979-36887b316931 zswap.enabled=0 rw rootfstype=ext4
May 19 14:14:41 arch-server kernel: random: crng init done
May 19 14:14:41 arch-server kernel: Dentry cache hash table entries: 2097152 (order: 12, 16777216 bytes, linear)
May 19 14:14:41 arch-server kernel: Inode-cache hash table entries: 1048576 (order: 11, 8388608 bytes, linear)
May 19 14:14:41 arch-server kernel: Fallback order for Node 0: 0 
May 19 14:14:41 arch-server kernel: Built 1 zonelists, mobility grouping on.  Total pages: 4113872
May 19 14:14:41 arch-server kernel: Policy zone: Normal
May 19 14:14:41 arch-server kernel: mem auto-init: stack:all(zero), heap alloc:on, heap free:off
May 19 14:14:41 arch-server kernel: software IO TLB: area num 4.
May 19 14:14:41 arch-server kernel: Memory: 16072404K/16717332K available (18432K kernel code, 2164K rwdata, 13276K rodata, 3408K init, 3636K bss, 644668K reserved, 0K cma-reserved)
May 19 14:14:41 arch-server kernel: SLUB: HWalign=64, Order=0-3, MinObjects=0, CPUs=4, Nodes=1
May 19 14:14:41 arch-server kernel: Kernel/User page tables isolation: enabled
May 19 14:14:41 arch-server kernel: ftrace: allocating 49689 entries in 195 pages
May 19 14:14:41 arch-server kernel: ftrace: allocated 195 pages with 4 groups
May 19 14:14:41 arch-server kernel: Dynamic Preempt: full
May 19 14:14:41 arch-server kernel: rcu: Preemptible hierarchical RCU implementation.
May 19 14:14:41 arch-server kernel: rcu:         RCU restricting CPUs from NR_CPUS=320 to nr_cpu_ids=4.
May 19 14:14:41 arch-server kernel: rcu:         RCU priority boosting: priority 1 delay 500 ms.
May 19 14:14:41 arch-server kernel:         Trampoline variant of Tasks RCU enabled.
May 19 14:14:41 arch-server kernel:         Rude variant of Tasks RCU enabled.
May 19 14:14:41 arch-server kernel:         Tracing variant of Tasks RCU enabled.
May 19 14:14:41 arch-server kernel: rcu: RCU calculated value of scheduler-enlistment delay is 30 jiffies.
May 19 14:14:41 arch-server kernel: rcu: Adjusting geometry for rcu_fanout_leaf=16, nr_cpu_ids=4
May 19 14:14:41 arch-server kernel: RCU Tasks: Setting shift to 2 and lim to 1 rcu_task_cb_adjust=1.
May 19 14:14:41 arch-server kernel: RCU Tasks Rude: Setting shift to 2 and lim to 1 rcu_task_cb_adjust=1.
May 19 14:14:41 arch-server kernel: RCU Tasks Trace: Setting shift to 2 and lim to 1 rcu_task_cb_adjust=1.
May 19 14:14:41 arch-server kernel: NR_IRQS: 20736, nr_irqs: 456, preallocated irqs: 16
May 19 14:14:41 arch-server kernel: rcu: srcu_init: Setting srcu_struct sizes based on contention.
May 19 14:14:41 arch-server kernel: kfence: initialized - using 2097152 bytes for 255 objects at 0x(____ptrval____)-0x(____ptrval____)
May 19 14:14:41 arch-server kernel: Console: colour dummy device 80x25
May 19 14:14:41 arch-server kernel: printk: legacy console [tty0] enabled
May 19 14:14:41 arch-server kernel: ACPI: Core revision 20230628
May 19 14:14:41 arch-server kernel: clocksource: hpet: mask: 0xffffffff max_cycles: 0xffffffff, max_idle_ns: 133484882848 ns
May 19 14:14:41 arch-server kernel: APIC: Switch to symmetric I/O mode setup
May 19 14:14:41 arch-server kernel: x2apic: IRQ remapping doesn't support X2APIC mode
May 19 14:14:41 arch-server kernel: ..TIMER: vector=0x30 apic1=0 pin1=2 apic2=0 pin2=0
May 19 14:14:41 arch-server kernel: clocksource: tsc-early: mask: 0xffffffffffffffff max_cycles: 0x32741d4ef2e, max_idle_ns: 440795265427 ns
May 19 14:14:41 arch-server kernel: Calibrating delay loop (skipped), value calculated using timer frequency.. 7003.11 BogoMIPS (lpj=11667386)
May 19 14:14:41 arch-server kernel: x86/cpu: VMX (outside TXT) disabled by BIOS
May 19 14:14:41 arch-server kernel: CPU0: Thermal monitoring enabled (TM1)
May 19 14:14:41 arch-server kernel: Last level iTLB entries: 4KB 1024, 2MB 1024, 4MB 1024
May 19 14:14:41 arch-server kernel: Last level dTLB entries: 4KB 1024, 2MB 1024, 4MB 1024, 1GB 4
May 19 14:14:41 arch-server kernel: process: using mwait in idle threads
May 19 14:14:41 arch-server kernel: Spectre V1 : Mitigation: usercopy/swapgs barriers and __user pointer sanitization
May 19 14:14:41 arch-server kernel: Spectre V2 : Mitigation: Retpolines
May 19 14:14:41 arch-server kernel: Spectre V2 : Spectre v2 / SpectreRSB mitigation: Filling RSB on context switch
May 19 14:14:41 arch-server kernel: Spectre V2 : Spectre v2 / SpectreRSB : Filling RSB on VMEXIT
May 19 14:14:41 arch-server kernel: Spectre V2 : Enabling Restricted Speculation for firmware calls
May 19 14:14:41 arch-server kernel: Spectre V2 : mitigation: Enabling conditional Indirect Branch Prediction Barrier
May 19 14:14:41 arch-server kernel: Speculative Store Bypass: Mitigation: Speculative Store Bypass disabled via prctl
May 19 14:14:41 arch-server kernel: MDS: Mitigation: Clear CPU buffers
May 19 14:14:41 arch-server kernel: MMIO Stale Data: Unknown: No mitigations
May 19 14:14:41 arch-server kernel: SRBDS: Mitigation: Microcode
May 19 14:14:41 arch-server kernel: x86/fpu: Supporting XSAVE feature 0x001: 'x87 floating point registers'
May 19 14:14:41 arch-server kernel: x86/fpu: Supporting XSAVE feature 0x002: 'SSE registers'
May 19 14:14:41 arch-server kernel: x86/fpu: Supporting XSAVE feature 0x004: 'AVX registers'
May 19 14:14:41 arch-server kernel: x86/fpu: xstate_offset[2]:  576, xstate_sizes[2]:  256
May 19 14:14:41 arch-server kernel: x86/fpu: Enabled xstate features 0x7, context size is 832 bytes, using 'standard' format.
May 19 14:14:41 arch-server kernel: Freeing SMP alternatives memory: 40K
May 19 14:14:41 arch-server kernel: pid_max: default: 32768 minimum: 301
May 19 14:14:41 arch-server kernel: LSM: initializing lsm=capability,landlock,lockdown,yama,bpf
May 19 14:14:41 arch-server kernel: landlock: Up and running.
May 19 14:14:41 arch-server kernel: Yama: becoming mindful.
May 19 14:14:41 arch-server kernel: LSM support for eBPF active
May 19 14:14:41 arch-server kernel: Mount-cache hash table entries: 32768 (order: 6, 262144 bytes, linear)
May 19 14:14:41 arch-server kernel: Mountpoint-cache hash table entries: 32768 (order: 6, 262144 bytes, linear)
May 19 14:14:41 arch-server kernel: smpboot: CPU0: Intel(R) Core(TM) i5-4690 CPU @ 3.50GHz (family: 0x6, model: 0x3c, stepping: 0x3)
May 19 14:14:41 arch-server kernel: Performance Events: PEBS fmt2+, Haswell events, 16-deep LBR, full-width counters, Intel PMU driver.
May 19 14:14:41 arch-server kernel: ... version:                3
May 19 14:14:41 arch-server kernel: ... bit width:              48
May 19 14:14:41 arch-server kernel: ... generic registers:      8
May 19 14:14:41 arch-server kernel: ... value mask:             0000ffffffffffff
May 19 14:14:41 arch-server kernel: ... max period:             00007fffffffffff
May 19 14:14:41 arch-server kernel: ... fixed-purpose events:   3
May 19 14:14:41 arch-server kernel: ... event mask:             00000007000000ff
May 19 14:14:41 arch-server kernel: signal: max sigframe size: 1776
May 19 14:14:41 arch-server kernel: Estimated ratio of average max frequency by base frequency (times 1024): 1141
May 19 14:14:41 arch-server kernel: rcu: Hierarchical SRCU implementation.
May 19 14:14:41 arch-server kernel: rcu:         Max phase no-delay instances is 1000.
May 19 14:14:41 arch-server kernel: NMI watchdog: Enabled. Permanently consumes one hw-PMU counter.
May 19 14:14:41 arch-server kernel: smp: Bringing up secondary CPUs ...
May 19 14:14:41 arch-server kernel: smpboot: x86: Booting SMP configuration:
May 19 14:14:41 arch-server kernel: .... node  #0, CPUs:      #1 #2 #3
May 19 14:14:41 arch-server kernel: smp: Brought up 1 node, 4 CPUs
May 19 14:14:41 arch-server kernel: smpboot: Total of 4 processors activated (28012.46 BogoMIPS)
May 19 14:14:41 arch-server kernel: devtmpfs: initialized
May 19 14:14:41 arch-server kernel: x86/mm: Memory block size: 128MB
May 19 14:14:41 arch-server kernel: ACPI: PM: Registering ACPI NVS region [mem 0x9cd37000-0x9cd3dfff] (28672 bytes)
May 19 14:14:41 arch-server kernel: ACPI: PM: Registering ACPI NVS region [mem 0xbdc95000-0xbe1bdfff] (5410816 bytes)
May 19 14:14:41 arch-server kernel: clocksource: jiffies: mask: 0xffffffff max_cycles: 0xffffffff, max_idle_ns: 6370867519511994 ns
May 19 14:14:41 arch-server kernel: futex hash table entries: 1024 (order: 4, 65536 bytes, linear)
May 19 14:14:41 arch-server kernel: pinctrl core: initialized pinctrl subsystem
May 19 14:14:41 arch-server kernel: PM: RTC time: 11:14:40, date: 2024-05-19
May 19 14:14:41 arch-server kernel: NET: Registered PF_NETLINK/PF_ROUTE protocol family
May 19 14:14:41 arch-server kernel: DMA: preallocated 2048 KiB GFP_KERNEL pool for atomic allocations
May 19 14:14:41 arch-server kernel: DMA: preallocated 2048 KiB GFP_KERNEL|GFP_DMA pool for atomic allocations
May 19 14:14:41 arch-server kernel: DMA: preallocated 2048 KiB GFP_KERNEL|GFP_DMA32 pool for atomic allocations
May 19 14:14:41 arch-server kernel: audit: initializing netlink subsys (disabled)
May 19 14:14:41 arch-server kernel: audit: type=2000 audit(1716117280.043:1): state=initialized audit_enabled=0 res=1
May 19 14:14:41 arch-server kernel: thermal_sys: Registered thermal governor 'fair_share'
May 19 14:14:41 arch-server kernel: thermal_sys: Registered thermal governor 'bang_bang'
May 19 14:14:41 arch-server kernel: thermal_sys: Registered thermal governor 'step_wise'
May 19 14:14:41 arch-server kernel: thermal_sys: Registered thermal governor 'user_space'
May 19 14:14:41 arch-server kernel: thermal_sys: Registered thermal governor 'power_allocator'
May 19 14:14:41 arch-server kernel: cpuidle: using governor ladder
May 19 14:14:41 arch-server kernel: cpuidle: using governor menu
May 19 14:14:41 arch-server kernel: acpiphp: ACPI Hot Plug PCI Controller Driver version: 0.5
May 19 14:14:41 arch-server kernel: PCI: ECAM [mem 0xe0000000-0xefffffff] (base 0xe0000000) for domain 0000 [bus 00-ff]
May 19 14:14:41 arch-server kernel: PCI: not using ECAM ([mem 0xe0000000-0xefffffff] not reserved)
May 19 14:14:41 arch-server kernel: PCI: Using configuration type 1 for base access
May 19 14:14:41 arch-server kernel: core: PMU erratum BJ122, BV98, HSD29 workaround disabled, HT off
May 19 14:14:41 arch-server kernel: kprobes: kprobe jump-optimization is enabled. All kprobes are optimized if possible.
May 19 14:14:41 arch-server kernel: HugeTLB: registered 1.00 GiB page size, pre-allocated 0 pages
May 19 14:14:41 arch-server kernel: HugeTLB: 16380 KiB vmemmap can be freed for a 1.00 GiB page
May 19 14:14:41 arch-server kernel: HugeTLB: registered 2.00 MiB page size, pre-allocated 0 pages
May 19 14:14:41 arch-server kernel: HugeTLB: 28 KiB vmemmap can be freed for a 2.00 MiB page
May 19 14:14:41 arch-server kernel: Demotion targets for Node 0: null
May 19 14:14:41 arch-server kernel: fbcon: Taking over console
May 19 14:14:41 arch-server kernel: ACPI: Added _OSI(Module Device)
May 19 14:14:41 arch-server kernel: ACPI: Added _OSI(Processor Device)
May 19 14:14:41 arch-server kernel: ACPI: Added _OSI(3.0 _SCP Extensions)
May 19 14:14:41 arch-server kernel: ACPI: Added _OSI(Processor Aggregator Device)
May 19 14:14:41 arch-server kernel: ACPI: 6 ACPI AML tables successfully acquired and loaded
May 19 14:14:41 arch-server kernel: ACPI: USB4 _OSC: OS supports USB3+ DisplayPort+ PCIe+ XDomain+
May 19 14:14:41 arch-server kernel: ACPI: USB4 _OSC: OS controls USB3+ DisplayPort+ PCIe+ XDomain+
May 19 14:14:41 arch-server kernel: ACPI: Dynamic OEM Table Load:
May 19 14:14:41 arch-server kernel: ACPI: SSDT 0xFFFF9AE200A4B000 0005AA (v01 PmRef  ApIst    00003000 INTL 20051117)
May 19 14:14:41 arch-server kernel: ACPI: _OSC evaluated successfully for all CPUs
May 19 14:14:41 arch-server kernel: ACPI: EC: EC started
May 19 14:14:41 arch-server kernel: ACPI: EC: interrupt blocked
May 19 14:14:41 arch-server kernel: ACPI: EC: EC_CMD/EC_SC=0x66, EC_DATA=0x62
May 19 14:14:41 arch-server kernel: ACPI: \_SB_.PCI0.LPCB.EC0_: Boot DSDT EC used to handle transactions
May 19 14:14:41 arch-server kernel: ACPI: Interpreter enabled
May 19 14:14:41 arch-server kernel: ACPI: PM: (supports S0 S3 S4 S5)
May 19 14:14:41 arch-server kernel: ACPI: Using IOAPIC for interrupt routing
May 19 14:14:41 arch-server kernel: PCI: ECAM [mem 0xe0000000-0xefffffff] (base 0xe0000000) for domain 0000 [bus 00-ff]
May 19 14:14:41 arch-server kernel: PCI: ECAM [mem 0xe0000000-0xefffffff] reserved as ACPI motherboard resource
May 19 14:14:41 arch-server kernel: PCI: Using host bridge windows from ACPI; if necessary, use "pci=nocrs" and report a bug
May 19 14:14:41 arch-server kernel: PCI: Using E820 reservations for host bridge windows
May 19 14:14:41 arch-server kernel: ACPI: Enabled 12 GPEs in block 00 to 3F
May 19 14:14:41 arch-server kernel: ACPI: \_SB_.PCI0.PEG0.PG00: New power resource
May 19 14:14:41 arch-server kernel: ACPI: \_SB_.PCI0.PEG1.PG01: New power resource
May 19 14:14:41 arch-server kernel: ACPI: \_SB_.PCI0.PEG2.PG02: New power resource
May 19 14:14:41 arch-server kernel: ACPI: \_TZ_.FN00: New power resource
May 19 14:14:41 arch-server kernel: ACPI: \_TZ_.FN01: New power resource
May 19 14:14:41 arch-server kernel: ACPI: \_TZ_.FN02: New power resource
May 19 14:14:41 arch-server kernel: ACPI: \_TZ_.FN03: New power resource
May 19 14:14:41 arch-server kernel: ACPI: \_TZ_.FN04: New power resource
May 19 14:14:41 arch-server kernel: ACPI: PCI Root Bridge [PCI0] (domain 0000 [bus 00-fe])
May 19 14:14:41 arch-server kernel: acpi PNP0A08:00: _OSC: OS supports [ExtendedConfig ASPM ClockPM Segments MSI EDR HPX-Type3]
May 19 14:14:41 arch-server kernel: acpi PNP0A08:00: _OSC: platform does not support [PCIeHotplug SHPCHotplug PME]
May 19 14:14:41 arch-server kernel: acpi PNP0A08:00: _OSC: OS now controls [AER PCIeCapability LTR DPC]
May 19 14:14:41 arch-server kernel: PCI host bridge to bus 0000:00
May 19 14:14:41 arch-server kernel: pci_bus 0000:00: root bus resource [io  0x0000-0x0cf7 window]
May 19 14:14:41 arch-server kernel: pci_bus 0000:00: root bus resource [io  0x0d00-0xffff window]
May 19 14:14:41 arch-server kernel: pci_bus 0000:00: root bus resource [mem 0x000a0000-0x000bffff window]
May 19 14:14:41 arch-server kernel: pci_bus 0000:00: root bus resource [mem 0x000d0000-0x000dffff window]
May 19 14:14:41 arch-server kernel: pci_bus 0000:00: root bus resource [mem 0xc0000000-0xfeafffff window]
May 19 14:14:41 arch-server kernel: pci_bus 0000:00: root bus resource [bus 00-fe]
May 19 14:14:41 arch-server kernel: pci 0000:00:00.0: [8086:0c00] type 00 class 0x060000 conventional PCI endpoint
May 19 14:14:41 arch-server kernel: pci 0000:00:01.0: [8086:0c01] type 01 class 0x060400 PCIe Root Port
May 19 14:14:41 arch-server kernel: pci 0000:00:01.0: PCI bridge to [bus 01]
May 19 14:14:41 arch-server kernel: pci 0000:00:01.0:   bridge window [io  0xe000-0xefff]
May 19 14:14:41 arch-server kernel: pci 0000:00:01.0:   bridge window [mem 0xdfe00000-0xdfefffff]
May 19 14:14:41 arch-server kernel: pci 0000:00:01.0:   bridge window [mem 0xc0000000-0xd01fffff 64bit pref]
May 19 14:14:41 arch-server kernel: pci 0000:00:01.0: PME# supported from D0 D3hot D3cold
May 19 14:14:41 arch-server kernel: pci 0000:00:14.0: [8086:8cb1] type 00 class 0x0c0330 conventional PCI endpoint
May 19 14:14:41 arch-server kernel: pci 0000:00:14.0: BAR 0 [mem 0xdff20000-0xdff2ffff 64bit]
May 19 14:14:41 arch-server kernel: pci 0000:00:14.0: PME# supported from D3hot D3cold
May 19 14:14:41 arch-server kernel: pci 0000:00:16.0: [8086:8cba] type 00 class 0x078000 conventional PCI endpoint
May 19 14:14:41 arch-server kernel: pci 0000:00:16.0: BAR 0 [mem 0xdff39000-0xdff3900f 64bit]
May 19 14:14:41 arch-server kernel: pci 0000:00:16.0: PME# supported from D0 D3hot D3cold
May 19 14:14:41 arch-server kernel: pci 0000:00:19.0: [8086:15a1] type 00 class 0x020000 conventional PCI endpoint
May 19 14:14:41 arch-server kernel: pci 0000:00:19.0: BAR 0 [mem 0xdff00000-0xdff1ffff]
May 19 14:14:41 arch-server kernel: pci 0000:00:19.0: BAR 1 [mem 0xdff37000-0xdff37fff]
May 19 14:14:41 arch-server kernel: pci 0000:00:19.0: BAR 2 [io  0xf020-0xf03f]
May 19 14:14:41 arch-server kernel: pci 0000:00:19.0: PME# supported from D0 D3hot D3cold
May 19 14:14:41 arch-server kernel: pci 0000:00:1a.0: [8086:8cad] type 00 class 0x0c0320 conventional PCI endpoint
May 19 14:14:41 arch-server kernel: pci 0000:00:1a.0: BAR 0 [mem 0xdff36000-0xdff363ff]
May 19 14:14:41 arch-server kernel: pci 0000:00:1a.0: PME# supported from D0 D3hot D3cold
May 19 14:14:41 arch-server kernel: pci 0000:00:1b.0: [8086:8ca0] type 00 class 0x040300 PCIe Root Complex Integrated Endpoint
May 19 14:14:41 arch-server kernel: pci 0000:00:1b.0: BAR 0 [mem 0xdff30000-0xdff33fff 64bit]
May 19 14:14:41 arch-server kernel: pci 0000:00:1b.0: PME# supported from D0 D3hot D3cold
May 19 14:14:41 arch-server kernel: pci 0000:00:1c.0: [8086:8c90] type 01 class 0x060400 PCIe Root Port
May 19 14:14:41 arch-server kernel: pci 0000:00:1c.0: PCI bridge to [bus 02]
May 19 14:14:41 arch-server kernel: pci 0000:00:1c.0: PME# supported from D0 D3hot D3cold
May 19 14:14:41 arch-server kernel: pci 0000:00:1c.3: [8086:244e] type 01 class 0x060401 PCIe Root Port
May 19 14:14:41 arch-server kernel: pci 0000:00:1c.3: PCI bridge to [bus 03-04] (subtractive decode)
May 19 14:14:41 arch-server kernel: pci 0000:00:1c.3: PME# supported from D0 D3hot D3cold
May 19 14:14:41 arch-server kernel: pci 0000:00:1c.6: [8086:8c9c] type 01 class 0x060400 PCIe Root Port
May 19 14:14:41 arch-server kernel: pci 0000:00:1c.6: PCI bridge to [bus 05]
May 19 14:14:41 arch-server kernel: pci 0000:00:1c.6:   bridge window [mem 0xdfd00000-0xdfdfffff]
May 19 14:14:41 arch-server kernel: pci 0000:00:1c.6: PME# supported from D0 D3hot D3cold
May 19 14:14:41 arch-server kernel: pci 0000:00:1d.0: [8086:8ca6] type 00 class 0x0c0320 conventional PCI endpoint
May 19 14:14:41 arch-server kernel: pci 0000:00:1d.0: BAR 0 [mem 0xdff35000-0xdff353ff]
May 19 14:14:41 arch-server kernel: pci 0000:00:1d.0: PME# supported from D0 D3hot D3cold
May 19 14:14:41 arch-server kernel: pci 0000:00:1f.0: [8086:8cc4] type 00 class 0x060100 conventional PCI endpoint
May 19 14:14:41 arch-server kernel: pci 0000:00:1f.3: [8086:8ca2] type 00 class 0x0c0500 conventional PCI endpoint
May 19 14:14:41 arch-server kernel: pci 0000:00:1f.3: BAR 0 [mem 0xdff34000-0xdff340ff 64bit]
May 19 14:14:41 arch-server kernel: pci 0000:00:1f.3: BAR 4 [io  0xf000-0xf01f]
May 19 14:14:41 arch-server kernel: pci 0000:01:00.0: [1002:67df] type 00 class 0x030000 PCIe Legacy Endpoint
May 19 14:14:41 arch-server kernel: pci 0000:01:00.0: BAR 0 [mem 0xc0000000-0xcfffffff 64bit pref]
May 19 14:14:41 arch-server kernel: pci 0000:01:00.0: BAR 2 [mem 0xd0000000-0xd01fffff 64bit pref]
May 19 14:14:41 arch-server kernel: pci 0000:01:00.0: BAR 4 [io  0xe000-0xe0ff]
May 19 14:14:41 arch-server kernel: pci 0000:01:00.0: BAR 5 [mem 0xdfe00000-0xdfe3ffff]
May 19 14:14:41 arch-server kernel: pci 0000:01:00.0: ROM [mem 0xdfe40000-0xdfe5ffff pref]
May 19 14:14:41 arch-server kernel: pci 0000:01:00.0: Video device with shadowed ROM at [mem 0x000c0000-0x000dffff]
May 19 14:14:41 arch-server kernel: pci 0000:01:00.0: supports D1 D2
May 19 14:14:41 arch-server kernel: pci 0000:01:00.0: PME# supported from D1 D2 D3hot D3cold
May 19 14:14:41 arch-server kernel: pci 0000:01:00.1: [1002:aaf0] type 00 class 0x040300 PCIe Legacy Endpoint
May 19 14:14:41 arch-server kernel: pci 0000:01:00.1: BAR 0 [mem 0xdfe60000-0xdfe63fff 64bit]
May 19 14:14:41 arch-server kernel: pci 0000:01:00.1: supports D1 D2
May 19 14:14:41 arch-server kernel: pci 0000:00:01.0: PCI bridge to [bus 01]
May 19 14:14:41 arch-server kernel: acpiphp: Slot [1] registered
May 19 14:14:41 arch-server kernel: pci 0000:00:1c.0: PCI bridge to [bus 02]
May 19 14:14:41 arch-server kernel: pci 0000:03:00.0: [1b21:1080] type 01 class 0x060401 conventional PCI bridge
May 19 14:14:41 arch-server kernel: pci 0000:03:00.0: PCI bridge to [bus 04] (subtractive decode)
May 19 14:14:41 arch-server kernel: pci 0000:00:1c.3: PCI bridge to [bus 03-04] (subtractive decode)
May 19 14:14:41 arch-server kernel: pci 0000:00:1c.3:   bridge window [io  0x0000-0x0cf7 window] (subtractive decode)
May 19 14:14:41 arch-server kernel: pci 0000:00:1c.3:   bridge window [io  0x0d00-0xffff window] (subtractive decode)
May 19 14:14:41 arch-server kernel: pci 0000:00:1c.3:   bridge window [mem 0x000a0000-0x000bffff window] (subtractive decode)
May 19 14:14:41 arch-server kernel: pci 0000:00:1c.3:   bridge window [mem 0x000d0000-0x000dffff window] (subtractive decode)
May 19 14:14:41 arch-server kernel: pci 0000:00:1c.3:   bridge window [mem 0xc0000000-0xfeafffff window] (subtractive decode)
May 19 14:14:41 arch-server kernel: pci_bus 0000:04: extended config space not accessible
May 19 14:14:41 arch-server kernel: pci 0000:03:00.0: PCI bridge to [bus 04] (subtractive decode)
May 19 14:14:41 arch-server kernel: pci 0000:03:00.0:   bridge window [io  0x0000-0x0cf7 window] (subtractive decode)
May 19 14:14:41 arch-server kernel: pci 0000:03:00.0:   bridge window [io  0x0d00-0xffff window] (subtractive decode)
May 19 14:14:41 arch-server kernel: pci 0000:03:00.0:   bridge window [mem 0x000a0000-0x000bffff window] (subtractive decode)
May 19 14:14:41 arch-server kernel: pci 0000:03:00.0:   bridge window [mem 0x000d0000-0x000dffff window] (subtractive decode)
May 19 14:14:41 arch-server kernel: pci 0000:03:00.0:   bridge window [mem 0xc0000000-0xfeafffff window] (subtractive decode)
May 19 14:14:41 arch-server kernel: pci 0000:05:00.0: [144d:a808] type 00 class 0x010802 PCIe Endpoint
May 19 14:14:41 arch-server kernel: pci 0000:05:00.0: BAR 0 [mem 0xdfd00000-0xdfd03fff 64bit]
May 19 14:14:41 arch-server kernel: pci 0000:05:00.0: 8.000 Gb/s available PCIe bandwidth, limited by 5.0 GT/s PCIe x2 link at 0000:00:1c.6 (capable of 31.504 Gb/s with 8.0 GT/s PCIe x4 link)
May 19 14:14:41 arch-server kernel: pci 0000:00:1c.6: PCI bridge to [bus 05]
May 19 14:14:41 arch-server kernel: ACPI: PCI: Interrupt link LNKA configured for IRQ 11
May 19 14:14:41 arch-server kernel: ACPI: PCI: Interrupt link LNKB configured for IRQ 10
May 19 14:14:41 arch-server kernel: ACPI: PCI: Interrupt link LNKC configured for IRQ 6
May 19 14:14:41 arch-server kernel: ACPI: PCI: Interrupt link LNKD configured for IRQ 5
May 19 14:14:41 arch-server kernel: ACPI: PCI: Interrupt link LNKE configured for IRQ 3
May 19 14:14:41 arch-server kernel: ACPI: PCI: Interrupt link LNKF configured for IRQ 15
May 19 14:14:41 arch-server kernel: ACPI: PCI: Interrupt link LNKG configured for IRQ 14
May 19 14:14:41 arch-server kernel: ACPI: PCI: Interrupt link LNKH configured for IRQ 7
May 19 14:14:41 arch-server kernel: ACPI: EC: interrupt unblocked
May 19 14:14:41 arch-server kernel: ACPI: EC: event unblocked
May 19 14:14:41 arch-server kernel: ACPI: EC: EC_CMD/EC_SC=0x66, EC_DATA=0x62
May 19 14:14:41 arch-server kernel: ACPI: EC: GPE=0x1e
May 19 14:14:41 arch-server kernel: ACPI: \_SB_.PCI0.LPCB.EC0_: Boot DSDT EC initialization complete
May 19 14:14:41 arch-server kernel: ACPI: \_SB_.PCI0.LPCB.EC0_: EC: Used to handle transactions and events
May 19 14:14:41 arch-server kernel: iommu: Default domain type: Translated
May 19 14:14:41 arch-server kernel: iommu: DMA domain TLB invalidation policy: lazy mode
May 19 14:14:41 arch-server kernel: SCSI subsystem initialized
May 19 14:14:41 arch-server kernel: libata version 3.00 loaded.
May 19 14:14:41 arch-server kernel: ACPI: bus type USB registered
May 19 14:14:41 arch-server kernel: usbcore: registered new interface driver usbfs
May 19 14:14:41 arch-server kernel: usbcore: registered new interface driver hub
May 19 14:14:41 arch-server kernel: usbcore: registered new device driver usb
May 19 14:14:41 arch-server kernel: EDAC MC: Ver: 3.0.0
May 19 14:14:41 arch-server kernel: efivars: Registered efivars operations
May 19 14:14:41 arch-server kernel: NetLabel: Initializing
May 19 14:14:41 arch-server kernel: NetLabel:  domain hash size = 128
May 19 14:14:41 arch-server kernel: NetLabel:  protocols = UNLABELED CIPSOv4 CALIPSO
May 19 14:14:41 arch-server kernel: NetLabel:  unlabeled traffic allowed by default
May 19 14:14:41 arch-server kernel: mctp: management component transport protocol core
May 19 14:14:41 arch-server kernel: NET: Registered PF_MCTP protocol family
May 19 14:14:41 arch-server kernel: PCI: Using ACPI for IRQ routing
May 19 14:14:41 arch-server kernel: PCI: pci_cache_line_size set to 64 bytes
May 19 14:14:41 arch-server kernel: e820: reserve RAM buffer [mem 0x00058000-0x0005ffff]
May 19 14:14:41 arch-server kernel: e820: reserve RAM buffer [mem 0x0009f000-0x0009ffff]
May 19 14:14:41 arch-server kernel: e820: reserve RAM buffer [mem 0x9ad7a018-0x9bffffff]
May 19 14:14:41 arch-server kernel: e820: reserve RAM buffer [mem 0x9ad8c018-0x9bffffff]
May 19 14:14:41 arch-server kernel: e820: reserve RAM buffer [mem 0x9cd37000-0x9fffffff]
May 19 14:14:41 arch-server kernel: e820: reserve RAM buffer [mem 0x9d19d000-0x9fffffff]
May 19 14:14:41 arch-server kernel: e820: reserve RAM buffer [mem 0xbda64000-0xbfffffff]
May 19 14:14:41 arch-server kernel: e820: reserve RAM buffer [mem 0xbf000000-0xbfffffff]
May 19 14:14:41 arch-server kernel: e820: reserve RAM buffer [mem 0x43f000000-0x43fffffff]
May 19 14:14:41 arch-server kernel: pci 0000:01:00.0: vgaarb: setting as boot VGA device
May 19 14:14:41 arch-server kernel: pci 0000:01:00.0: vgaarb: bridge control possible
May 19 14:14:41 arch-server kernel: pci 0000:01:00.0: vgaarb: VGA device added: decodes=io+mem,owns=io+mem,locks=none
May 19 14:14:41 arch-server kernel: vgaarb: loaded
May 19 14:14:41 arch-server kernel: hpet0: at MMIO 0xfed00000, IRQs 2, 8, 0, 0, 0, 0, 0, 0
May 19 14:14:41 arch-server kernel: hpet0: 8 comparators, 64-bit 14.318180 MHz counter
May 19 14:14:41 arch-server kernel: clocksource: Switched to clocksource tsc-early
May 19 14:14:41 arch-server kernel: VFS: Disk quotas dquot_6.6.0
May 19 14:14:41 arch-server kernel: VFS: Dquot-cache hash table entries: 512 (order 0, 4096 bytes)
May 19 14:14:41 arch-server kernel: pnp: PnP ACPI init
May 19 14:14:41 arch-server kernel: system 00:00: [mem 0xfed40000-0xfed44fff] has been reserved
May 19 14:14:41 arch-server kernel: system 00:01: [io  0x0800-0x087f] has been reserved
May 19 14:14:41 arch-server kernel: system 00:03: [io  0x1854-0x1857] has been reserved
May 19 14:14:41 arch-server kernel: system 00:04: [io  0x0290-0x029f] has been reserved
May 19 14:14:41 arch-server kernel: system 00:04: [io  0x02a0-0x02af] has been reserved
May 19 14:14:41 arch-server kernel: system 00:04: [io  0x0a00-0x0aff] has been reserved
May 19 14:14:41 arch-server kernel: system 00:05: [io  0x04d0-0x04d1] has been reserved
May 19 14:14:41 arch-server kernel: pnp 00:06: [dma 0 disabled]
May 19 14:14:41 arch-server kernel: system 00:07: [mem 0xfed1c000-0xfed1ffff] has been reserved
May 19 14:14:41 arch-server kernel: system 00:07: [mem 0xfed10000-0xfed17fff] has been reserved
May 19 14:14:41 arch-server kernel: system 00:07: [mem 0xfed18000-0xfed18fff] has been reserved
May 19 14:14:41 arch-server kernel: system 00:07: [mem 0xfed19000-0xfed19fff] has been reserved
May 19 14:14:41 arch-server kernel: system 00:07: [mem 0xe0000000-0xefffffff] has been reserved
May 19 14:14:41 arch-server kernel: system 00:07: [mem 0xfed20000-0xfed3ffff] has been reserved
May 19 14:14:41 arch-server kernel: system 00:07: [mem 0xfed90000-0xfed93fff] has been reserved
May 19 14:14:41 arch-server kernel: system 00:07: [mem 0xfed45000-0xfed8ffff] has been reserved
May 19 14:14:41 arch-server kernel: system 00:07: [mem 0xff000000-0xffffffff] has been reserved
May 19 14:14:41 arch-server kernel: system 00:07: [mem 0xfee00000-0xfeefffff] could not be reserved
May 19 14:14:41 arch-server kernel: system 00:07: [mem 0xdffe0000-0xdffeffff] has been reserved
May 19 14:14:41 arch-server kernel: system 00:07: [mem 0xdfff0000-0xdfffffff] has been reserved
May 19 14:14:41 arch-server kernel: pnp: PnP ACPI: found 8 devices
May 19 14:14:41 arch-server kernel: clocksource: acpi_pm: mask: 0xffffff max_cycles: 0xffffff, max_idle_ns: 2085701024 ns
May 19 14:14:41 arch-server kernel: NET: Registered PF_INET protocol family
May 19 14:14:41 arch-server kernel: IP idents hash table entries: 262144 (order: 9, 2097152 bytes, linear)
May 19 14:14:41 arch-server kernel: tcp_listen_portaddr_hash hash table entries: 8192 (order: 5, 131072 bytes, linear)
May 19 14:14:41 arch-server kernel: Table-perturb hash table entries: 65536 (order: 6, 262144 bytes, linear)
May 19 14:14:41 arch-server kernel: TCP established hash table entries: 131072 (order: 8, 1048576 bytes, linear)
May 19 14:14:41 arch-server kernel: TCP bind hash table entries: 65536 (order: 9, 2097152 bytes, linear)
May 19 14:14:41 arch-server kernel: TCP: Hash tables configured (established 131072 bind 65536)
May 19 14:14:41 arch-server kernel: MPTCP token hash table entries: 16384 (order: 6, 393216 bytes, linear)
May 19 14:14:41 arch-server kernel: UDP hash table entries: 8192 (order: 6, 262144 bytes, linear)
May 19 14:14:41 arch-server kernel: UDP-Lite hash table entries: 8192 (order: 6, 262144 bytes, linear)
May 19 14:14:41 arch-server kernel: NET: Registered PF_UNIX/PF_LOCAL protocol family
May 19 14:14:41 arch-server kernel: NET: Registered PF_XDP protocol family
May 19 14:14:41 arch-server kernel: pci 0000:00:01.0: PCI bridge to [bus 01]
May 19 14:14:41 arch-server kernel: pci 0000:00:01.0:   bridge window [io  0xe000-0xefff]
May 19 14:14:41 arch-server kernel: pci 0000:00:01.0:   bridge window [mem 0xdfe00000-0xdfefffff]
May 19 14:14:41 arch-server kernel: pci 0000:00:01.0:   bridge window [mem 0xc0000000-0xd01fffff 64bit pref]
May 19 14:14:41 arch-server kernel: pci 0000:00:1c.0: PCI bridge to [bus 02]
May 19 14:14:41 arch-server kernel: pci 0000:03:00.0: PCI bridge to [bus 04]
May 19 14:14:41 arch-server kernel: pci 0000:00:1c.3: PCI bridge to [bus 03-04]
May 19 14:14:41 arch-server kernel: pci 0000:00:1c.6: PCI bridge to [bus 05]
May 19 14:14:41 arch-server kernel: pci 0000:00:1c.6:   bridge window [mem 0xdfd00000-0xdfdfffff]
May 19 14:14:41 arch-server kernel: pci_bus 0000:00: resource 4 [io  0x0000-0x0cf7 window]
May 19 14:14:41 arch-server kernel: pci_bus 0000:00: resource 5 [io  0x0d00-0xffff window]
May 19 14:14:41 arch-server kernel: pci_bus 0000:00: resource 6 [mem 0x000a0000-0x000bffff window]
May 19 14:14:41 arch-server kernel: pci_bus 0000:00: resource 7 [mem 0x000d0000-0x000dffff window]
May 19 14:14:41 arch-server kernel: pci_bus 0000:00: resource 8 [mem 0xc0000000-0xfeafffff window]
May 19 14:14:41 arch-server kernel: pci_bus 0000:01: resource 0 [io  0xe000-0xefff]
May 19 14:14:41 arch-server kernel: pci_bus 0000:01: resource 1 [mem 0xdfe00000-0xdfefffff]
May 19 14:14:41 arch-server kernel: pci_bus 0000:01: resource 2 [mem 0xc0000000-0xd01fffff 64bit pref]
May 19 14:14:41 arch-server kernel: pci_bus 0000:03: resource 4 [io  0x0000-0x0cf7 window]
May 19 14:14:41 arch-server kernel: pci_bus 0000:03: resource 5 [io  0x0d00-0xffff window]
May 19 14:14:41 arch-server kernel: pci_bus 0000:03: resource 6 [mem 0x000a0000-0x000bffff window]
May 19 14:14:41 arch-server kernel: pci_bus 0000:03: resource 7 [mem 0x000d0000-0x000dffff window]
May 19 14:14:41 arch-server kernel: pci_bus 0000:03: resource 8 [mem 0xc0000000-0xfeafffff window]
May 19 14:14:41 arch-server kernel: pci_bus 0000:04: resource 4 [io  0x0000-0x0cf7 window]
May 19 14:14:41 arch-server kernel: pci_bus 0000:04: resource 5 [io  0x0d00-0xffff window]
May 19 14:14:41 arch-server kernel: pci_bus 0000:04: resource 6 [mem 0x000a0000-0x000bffff window]
May 19 14:14:41 arch-server kernel: pci_bus 0000:04: resource 7 [mem 0x000d0000-0x000dffff window]
May 19 14:14:41 arch-server kernel: pci_bus 0000:04: resource 8 [mem 0xc0000000-0xfeafffff window]
May 19 14:14:41 arch-server kernel: pci_bus 0000:05: resource 1 [mem 0xdfd00000-0xdfdfffff]
May 19 14:14:41 arch-server kernel: pci 0000:00:1a.0: quirk_usb_early_handoff+0x0/0x730 took 18561 usecs
May 19 14:14:41 arch-server kernel: pci 0000:00:1d.0: quirk_usb_early_handoff+0x0/0x730 took 19511 usecs
May 19 14:14:41 arch-server kernel: pci 0000:01:00.1: D0 power state depends on 0000:01:00.0
May 19 14:14:41 arch-server kernel: pci 0000:03:00.0: Disabling ASPM L0s/L1
May 19 14:14:41 arch-server kernel: PCI: CLS 64 bytes, default 64
May 19 14:14:41 arch-server kernel: PCI-DMA: Using software bounce buffering for IO (SWIOTLB)
May 19 14:14:41 arch-server kernel: software IO TLB: mapped [mem 0x00000000ab82a000-0x00000000af82a000] (64MB)
May 19 14:14:41 arch-server kernel: Trying to unpack rootfs image as initramfs...
May 19 14:14:41 arch-server kernel: Initialise system trusted keyrings
May 19 14:14:41 arch-server kernel: Key type blacklist registered
May 19 14:14:41 arch-server kernel: workingset: timestamp_bits=41 max_order=22 bucket_order=0
May 19 14:14:41 arch-server kernel: zbud: loaded
May 19 14:14:41 arch-server kernel: fuse: init (API version 7.40)
May 19 14:14:41 arch-server kernel: integrity: Platform Keyring initialized
May 19 14:14:41 arch-server kernel: integrity: Machine keyring initialized
May 19 14:14:41 arch-server kernel: Key type asymmetric registered
May 19 14:14:41 arch-server kernel: Asymmetric key parser 'x509' registered
May 19 14:14:41 arch-server kernel: Block layer SCSI generic (bsg) driver version 0.4 loaded (major 246)
May 19 14:14:41 arch-server kernel: io scheduler mq-deadline registered
May 19 14:14:41 arch-server kernel: io scheduler kyber registered
May 19 14:14:41 arch-server kernel: io scheduler bfq registered
May 19 14:14:41 arch-server kernel: shpchp: Standard Hot Plug PCI Controller Driver version: 0.4
May 19 14:14:41 arch-server kernel: input: Power Button as /devices/LNXSYSTM:00/LNXSYBUS:00/PNP0C0C:00/input/input0
May 19 14:14:41 arch-server kernel: ACPI: button: Power Button [PWRB]
May 19 14:14:41 arch-server kernel: input: Power Button as /devices/LNXSYSTM:00/LNXPWRBN:00/input/input1
May 19 14:14:41 arch-server kernel: ACPI: button: Power Button [PWRF]
May 19 14:14:41 arch-server kernel: thermal LNXTHERM:00: registered as thermal_zone0
May 19 14:14:41 arch-server kernel: ACPI: thermal: Thermal Zone [TZ00] (28 C)
May 19 14:14:41 arch-server kernel: thermal LNXTHERM:01: registered as thermal_zone1
May 19 14:14:41 arch-server kernel: ACPI: thermal: Thermal Zone [TZ01] (30 C)
May 19 14:14:41 arch-server kernel: Serial: 8250/16550 driver, 32 ports, IRQ sharing enabled
May 19 14:14:41 arch-server kernel: 00:06: ttyS0 at I/O 0x3f8 (irq = 4, base_baud = 115200) is a 16550A
May 19 14:14:41 arch-server kernel: Non-volatile memory driver v1.3
May 19 14:14:41 arch-server kernel: Linux agpgart interface v0.103
May 19 14:14:41 arch-server kernel: ACPI: bus type drm_connector registered
May 19 14:14:41 arch-server kernel: usbcore: registered new interface driver usbserial_generic
May 19 14:14:41 arch-server kernel: usbserial: USB Serial support registered for generic
May 19 14:14:41 arch-server kernel: rtc_cmos 00:02: RTC can wake from S4
May 19 14:14:41 arch-server kernel: ehci-pci 0000:00:1a.0: EHCI Host Controller
May 19 14:14:41 arch-server kernel: ehci-pci 0000:00:1a.0: new USB bus registered, assigned bus number 1
May 19 14:14:41 arch-server kernel: ehci-pci 0000:00:1a.0: debug port 2
May 19 14:14:41 arch-server kernel: rtc_cmos 00:02: registered as rtc0
May 19 14:14:41 arch-server kernel: rtc_cmos 00:02: setting system clock to 2024-05-19T11:14:40 UTC (1716117280)
May 19 14:14:41 arch-server kernel: rtc_cmos 00:02: alarms up to one month, y3k, 242 bytes nvram
May 19 14:14:41 arch-server kernel: ehci-pci 0000:00:1a.0: irq 16, io mem 0xdff36000
May 19 14:14:41 arch-server kernel: intel_pstate: Intel P-state driver initializing
May 19 14:14:41 arch-server kernel: ledtrig-cpu: registered to indicate activity on CPUs
May 19 14:14:41 arch-server kernel: [drm] Initialized simpledrm 1.0.0 20200625 for simple-framebuffer.0 on minor 0
May 19 14:14:41 arch-server kernel: Console: switching to colour frame buffer device 128x48
May 19 14:14:41 arch-server kernel: simple-framebuffer simple-framebuffer.0: [drm] fb0: simpledrmdrmfb frame buffer device
May 19 14:14:41 arch-server kernel: hid: raw HID events driver (C) Jiri Kosina
May 19 14:14:41 arch-server kernel: drop_monitor: Initializing network drop monitor service
May 19 14:14:41 arch-server kernel: NET: Registered PF_INET6 protocol family
May 19 14:14:41 arch-server kernel: Freeing initrd memory: 9448K
May 19 14:14:41 arch-server kernel: ehci-pci 0000:00:1a.0: USB 2.0 started, EHCI 1.00
May 19 14:14:41 arch-server kernel: usb usb1: New USB device found, idVendor=1d6b, idProduct=0002, bcdDevice= 6.09
May 19 14:14:41 arch-server kernel: usb usb1: New USB device strings: Mfr=3, Product=2, SerialNumber=1
May 19 14:14:41 arch-server kernel: usb usb1: Product: EHCI Host Controller
May 19 14:14:41 arch-server kernel: usb usb1: Manufacturer: Linux 6.9.1-arch1-1 ehci_hcd
May 19 14:14:41 arch-server kernel: usb usb1: SerialNumber: 0000:00:1a.0
May 19 14:14:41 arch-server kernel: hub 1-0:1.0: USB hub found
May 19 14:14:41 arch-server kernel: hub 1-0:1.0: 2 ports detected
May 19 14:14:41 arch-server kernel: ehci-pci 0000:00:1d.0: EHCI Host Controller
May 19 14:14:41 arch-server kernel: ehci-pci 0000:00:1d.0: new USB bus registered, assigned bus number 2
May 19 14:14:41 arch-server kernel: ehci-pci 0000:00:1d.0: debug port 2
May 19 14:14:41 arch-server kernel: Segment Routing with IPv6
May 19 14:14:41 arch-server kernel: RPL Segment Routing with IPv6
May 19 14:14:41 arch-server kernel: In-situ OAM (IOAM) with IPv6
May 19 14:14:41 arch-server kernel: NET: Registered PF_PACKET protocol family
May 19 14:14:41 arch-server kernel: ENERGY_PERF_BIAS: Set to 'normal', was 'performance'
May 19 14:14:41 arch-server kernel: ehci-pci 0000:00:1d.0: irq 23, io mem 0xdff35000
May 19 14:14:41 arch-server kernel: microcode: Current revision: 0x00000028
May 19 14:14:41 arch-server kernel: microcode: Updated early from: 0x00000007
May 19 14:14:41 arch-server kernel: IPI shorthand broadcast: enabled
May 19 14:14:41 arch-server kernel: sched_clock: Marking stable (294298414, 261753)->(306202989, -11642822)
May 19 14:14:41 arch-server kernel: Timer migration: 1 hierarchy levels; 8 children per group; 1 crossnode level
May 19 14:14:41 arch-server kernel: registered taskstats version 1
May 19 14:14:41 arch-server kernel: Loading compiled-in X.509 certificates
May 19 14:14:41 arch-server kernel: Loaded X.509 cert 'Build time autogenerated kernel key: be4bbad69eed7dd060ec4b225d099c7ad90dc57b'
May 19 14:14:41 arch-server kernel: Key type .fscrypt registered
May 19 14:14:41 arch-server kernel: Key type fscrypt-provisioning registered
May 19 14:14:41 arch-server kernel: PM:   Magic number: 8:754:226
May 19 14:14:41 arch-server kernel: memory memory108: hash matches
May 19 14:14:41 arch-server kernel: RAS: Correctable Errors collector initialized.
May 19 14:14:41 arch-server kernel: ehci-pci 0000:00:1d.0: USB 2.0 started, EHCI 1.00
May 19 14:14:41 arch-server kernel: usb usb2: New USB device found, idVendor=1d6b, idProduct=0002, bcdDevice= 6.09
May 19 14:14:41 arch-server kernel: usb usb2: New USB device strings: Mfr=3, Product=2, SerialNumber=1
May 19 14:14:41 arch-server kernel: usb usb2: Product: EHCI Host Controller
May 19 14:14:41 arch-server kernel: usb usb2: Manufacturer: Linux 6.9.1-arch1-1 ehci_hcd
May 19 14:14:41 arch-server kernel: usb usb2: SerialNumber: 0000:00:1d.0
May 19 14:14:41 arch-server kernel: hub 2-0:1.0: USB hub found
May 19 14:14:41 arch-server kernel: hub 2-0:1.0: 2 ports detected
May 19 14:14:41 arch-server kernel: clk: Disabling unused clocks
May 19 14:14:41 arch-server kernel: PM: genpd: Disabling unused power domains
May 19 14:14:41 arch-server kernel: Freeing unused decrypted memory: 2028K
May 19 14:14:41 arch-server kernel: Freeing unused kernel image (initmem) memory: 3408K
May 19 14:14:41 arch-server kernel: Write protecting the kernel read-only data: 32768k
May 19 14:14:41 arch-server kernel: Freeing unused kernel image (rodata/data gap) memory: 1060K
May 19 14:14:41 arch-server kernel: x86/mm: Checked W+X mappings: passed, no W+X pages found.
May 19 14:14:41 arch-server kernel: rodata_test: all tests were successful
May 19 14:14:41 arch-server kernel: x86/mm: Checking user space page tables
May 19 14:14:41 arch-server kernel: x86/mm: Checked W+X mappings: passed, no W+X pages found.
May 19 14:14:41 arch-server kernel: Run /init as init process
May 19 14:14:41 arch-server kernel:   with arguments:
May 19 14:14:41 arch-server kernel:     /init
May 19 14:14:41 arch-server kernel:   with environment:
May 19 14:14:41 arch-server kernel:     HOME=/
May 19 14:14:41 arch-server kernel:     TERM=linux
May 19 14:14:41 arch-server kernel: xhci_hcd 0000:00:14.0: xHCI Host Controller
May 19 14:14:41 arch-server kernel: xhci_hcd 0000:00:14.0: new USB bus registered, assigned bus number 3
May 19 14:14:41 arch-server kernel: xhci_hcd 0000:00:14.0: hcc params 0x200077c1 hci version 0x100 quirks 0x0000000000009810
May 19 14:14:41 arch-server kernel: xhci_hcd 0000:00:14.0: xHCI Host Controller
May 19 14:14:41 arch-server kernel: xhci_hcd 0000:00:14.0: new USB bus registered, assigned bus number 4
May 19 14:14:41 arch-server kernel: xhci_hcd 0000:00:14.0: Host supports USB 3.0 SuperSpeed
May 19 14:14:41 arch-server kernel: usb usb3: New USB device found, idVendor=1d6b, idProduct=0002, bcdDevice= 6.09
May 19 14:14:41 arch-server kernel: usb usb3: New USB device strings: Mfr=3, Product=2, SerialNumber=1
May 19 14:14:41 arch-server kernel: usb usb3: Product: xHCI Host Controller
May 19 14:14:41 arch-server kernel: usb usb3: Manufacturer: Linux 6.9.1-arch1-1 xhci-hcd
May 19 14:14:41 arch-server kernel: usb usb3: SerialNumber: 0000:00:14.0
May 19 14:14:41 arch-server kernel: hub 3-0:1.0: USB hub found
May 19 14:14:41 arch-server kernel: hub 3-0:1.0: 14 ports detected
May 19 14:14:41 arch-server kernel: usb usb4: New USB device found, idVendor=1d6b, idProduct=0003, bcdDevice= 6.09
May 19 14:14:41 arch-server kernel: usb usb4: New USB device strings: Mfr=3, Product=2, SerialNumber=1
May 19 14:14:41 arch-server kernel: usb usb4: Product: xHCI Host Controller
May 19 14:14:41 arch-server kernel: usb usb4: Manufacturer: Linux 6.9.1-arch1-1 xhci-hcd
May 19 14:14:41 arch-server kernel: usb usb4: SerialNumber: 0000:00:14.0
May 19 14:14:41 arch-server kernel: hub 4-0:1.0: USB hub found
May 19 14:14:41 arch-server kernel: hub 4-0:1.0: 6 ports detected
May 19 14:14:41 arch-server kernel: nvme nvme0: pci function 0000:05:00.0
May 19 14:14:41 arch-server kernel: nvme nvme0: missing or invalid SUBNQN field.
May 19 14:14:41 arch-server kernel: nvme nvme0: D3 entry latency set to 8 seconds
May 19 14:14:41 arch-server kernel: nvme nvme0: 4/0/0 default/read/poll queues
May 19 14:14:41 arch-server kernel:  nvme0n1: p1 p2
May 19 14:14:41 arch-server kernel: usb 1-1: new high-speed USB device number 2 using ehci-pci
May 19 14:14:41 arch-server kernel: usb 2-1: new high-speed USB device number 2 using ehci-pci
May 19 14:14:41 arch-server kernel: usb 1-1: New USB device found, idVendor=8087, idProduct=8009, bcdDevice= 0.00
May 19 14:14:41 arch-server kernel: usb 1-1: New USB device strings: Mfr=0, Product=0, SerialNumber=0
May 19 14:14:41 arch-server kernel: hub 1-1:1.0: USB hub found
May 19 14:14:41 arch-server kernel: hub 1-1:1.0: 6 ports detected
May 19 14:14:41 arch-server kernel: usb 2-1: New USB device found, idVendor=8087, idProduct=8001, bcdDevice= 0.00
May 19 14:14:41 arch-server kernel: usb 2-1: New USB device strings: Mfr=0, Product=0, SerialNumber=0
May 19 14:14:41 arch-server kernel: hub 2-1:1.0: USB hub found
May 19 14:14:41 arch-server kernel: hub 2-1:1.0: 8 ports detected
May 19 14:14:41 arch-server kernel: EXT4-fs (nvme0n1p2): mounted filesystem 490bd285-3c6f-45ff-b841-4e8006f9e326 r/w with ordered data mode. Quota mode: none.
May 19 14:14:41 arch-server kernel: tsc: Refined TSC clocksource calibration: 3499.997 MHz
May 19 14:14:41 arch-server kernel: clocksource: tsc: mask: 0xffffffffffffffff max_cycles: 0x32734e5ebc4, max_idle_ns: 440795265422 ns
May 19 14:14:41 arch-server kernel: clocksource: Switched to clocksource tsc
May 19 14:14:41 arch-server kernel: zram: Added device: zram0
May 19 14:14:41 arch-server kernel: device-mapper: uevent: version 1.0.3
May 19 14:14:41 arch-server kernel: loop: module loaded
May 19 14:14:41 arch-server kernel: device-mapper: ioctl: 4.48.0-ioctl (2023-03-01) initialised: dm-devel@lists.linux.dev
May 19 14:14:41 arch-server kernel: EXT4-fs (nvme0n1p2): re-mounted 490bd285-3c6f-45ff-b841-4e8006f9e326 r/w. Quota mode: none.
May 19 14:14:42 arch-server kernel: zram0: detected capacity change from 0 to 8388608
May 19 14:14:42 arch-server kernel: pps_core: LinuxPPS API ver. 1 registered
May 19 14:14:42 arch-server kernel: pps_core: Software ver. 5.3.6 - Copyright 2005-2007 Rodolfo Giometti <giometti@linux.it>
May 19 14:14:42 arch-server kernel: PTP clock support registered
May 19 14:14:42 arch-server kernel: ACPI Warning: SystemIO range 0x0000000000001828-0x000000000000182F conflicts with OpRegion 0x0000000000001800-0x000000000000187F (\PMIO) (20230628/utaddress-204)
May 19 14:14:42 arch-server kernel: ACPI: OSL: Resource conflict; ACPI support missing from driver?
May 19 14:14:42 arch-server kernel: ACPI Warning: SystemIO range 0x0000000000001C40-0x0000000000001C4F conflicts with OpRegion 0x0000000000001C00-0x0000000000001C7F (\_GPE.GPBX) (20230628/utaddress-204)
May 19 14:14:42 arch-server kernel: ACPI Warning: SystemIO range 0x0000000000001C40-0x0000000000001C4F conflicts with OpRegion 0x0000000000001C00-0x0000000000001FFF (\GPR) (20230628/utaddress-204)
May 19 14:14:42 arch-server kernel: ACPI: OSL: Resource conflict; ACPI support missing from driver?
May 19 14:14:42 arch-server kernel: ACPI Warning: SystemIO range 0x0000000000001C30-0x0000000000001C3F conflicts with OpRegion 0x0000000000001C00-0x0000000000001C7F (\_GPE.GPBX) (20230628/utaddress-204)
May 19 14:14:42 arch-server kernel: ACPI Warning: SystemIO range 0x0000000000001C30-0x0000000000001C3F conflicts with OpRegion 0x0000000000001C00-0x0000000000001C3F (\GPRL) (20230628/utaddress-204)
May 19 14:14:42 arch-server kernel: ACPI Warning: SystemIO range 0x0000000000001C30-0x0000000000001C3F conflicts with OpRegion 0x0000000000001C00-0x0000000000001FFF (\GPR) (20230628/utaddress-204)
May 19 14:14:42 arch-server kernel: ACPI: OSL: Resource conflict; ACPI support missing from driver?
May 19 14:14:42 arch-server kernel: ACPI Warning: SystemIO range 0x0000000000001C00-0x0000000000001C2F conflicts with OpRegion 0x0000000000001C00-0x0000000000001C7F (\_GPE.GPBX) (20230628/utaddress-204)
May 19 14:14:42 arch-server kernel: ACPI Warning: SystemIO range 0x0000000000001C00-0x0000000000001C2F conflicts with OpRegion 0x0000000000001C00-0x0000000000001C3F (\GPRL) (20230628/utaddress-204)
May 19 14:14:42 arch-server kernel: ACPI Warning: SystemIO range 0x0000000000001C00-0x0000000000001C2F conflicts with OpRegion 0x0000000000001C00-0x0000000000001FFF (\GPR) (20230628/utaddress-204)
May 19 14:14:42 arch-server kernel: ACPI: OSL: Resource conflict; ACPI support missing from driver?
May 19 14:14:42 arch-server kernel: lpc_ich: Resource conflict(s) found affecting gpio_ich
May 19 14:14:42 arch-server kernel: Adding 4194300k swap on /dev/zram0.  Priority:100 extents:1 across:4194300k SSDsc
May 19 14:14:42 arch-server kernel: i801_smbus 0000:00:1f.3: SPD Write Disable is set
May 19 14:14:42 arch-server kernel: i801_smbus 0000:00:1f.3: SMBus using PCI interrupt
May 19 14:14:42 arch-server kernel: e1000e: Intel(R) PRO/1000 Network Driver
May 19 14:14:42 arch-server kernel: e1000e: Copyright(c) 1999 - 2015 Intel Corporation.
May 19 14:14:42 arch-server kernel: e1000e 0000:00:19.0: Interrupt Throttling Rate (ints/sec) set to dynamic conservative mode
May 19 14:14:42 arch-server kernel: i2c i2c-0: Successfully instantiated SPD at 0x50
May 19 14:14:42 arch-server kernel: input: PC Speaker as /devices/platform/pcspkr/input/input2
May 19 14:14:42 arch-server kernel: i2c i2c-0: Successfully instantiated SPD at 0x51
May 19 14:14:42 arch-server kernel: i2c i2c-0: Successfully instantiated SPD at 0x52
May 19 14:14:42 arch-server kernel: i2c i2c-0: Successfully instantiated SPD at 0x53
May 19 14:14:42 arch-server kernel: iTCO_vendor_support: vendor-support=0
May 19 14:14:42 arch-server kernel: FAT-fs (nvme0n1p1): Volume was not properly unmounted. Some data may be corrupt. Please run fsck.
May 19 14:14:42 arch-server kernel: at24 0-0050: supply vcc not found, using dummy regulator
May 19 14:14:42 arch-server kernel: iTCO_wdt iTCO_wdt.1.auto: Found a 9 Series TCO device (Version=2, TCOBASE=0x1860)
May 19 14:14:42 arch-server kernel: at24 0-0050: 256 byte spd EEPROM, read-only
May 19 14:14:42 arch-server kernel: at24 0-0051: supply vcc not found, using dummy regulator
May 19 14:14:42 arch-server kernel: i8042: PNP: No PS/2 controller found.
May 19 14:14:42 arch-server kernel: at24 0-0051: 256 byte spd EEPROM, read-only
May 19 14:14:42 arch-server kernel: at24 0-0052: supply vcc not found, using dummy regulator
May 19 14:14:42 arch-server kernel: at24 0-0052: 256 byte spd EEPROM, read-only
May 19 14:14:42 arch-server kernel: at24 0-0053: supply vcc not found, using dummy regulator
May 19 14:14:42 arch-server kernel: iTCO_wdt iTCO_wdt.1.auto: initialized. heartbeat=30 sec (nowayout=0)
May 19 14:14:42 arch-server kernel: at24 0-0053: 256 byte spd EEPROM, read-only
May 19 14:14:42 arch-server kernel: RAPL PMU: API unit is 2^-32 Joules, 3 fixed counters, 655360 ms ovfl timer
May 19 14:14:42 arch-server kernel: RAPL PMU: hw unit of domain pp0-core 2^-14 Joules
May 19 14:14:42 arch-server kernel: RAPL PMU: hw unit of domain package 2^-14 Joules
May 19 14:14:42 arch-server kernel: RAPL PMU: hw unit of domain dram 2^-14 Joules
May 19 14:14:42 arch-server kernel: asus_wmi: ASUS WMI generic driver loaded
May 19 14:14:42 arch-server kernel: cryptd: max_cpu_qlen set to 1000
May 19 14:14:42 arch-server kernel: asus_wmi: Initialization: 0x0
May 19 14:14:42 arch-server kernel: asus_wmi: BIOS WMI version: 0.9
May 19 14:14:42 arch-server kernel: asus_wmi: SFUN value: 0x0
May 19 14:14:42 arch-server kernel: eeepc-wmi eeepc-wmi: Detected ASUSWMI, use DCTS
May 19 14:14:42 arch-server kernel: input: Eee PC WMI hotkeys as /devices/platform/eeepc-wmi/input/input3
May 19 14:14:42 arch-server kernel: AVX2 version of gcm_enc/dec engaged.
May 19 14:14:42 arch-server kernel: AES CTR mode by8 optimization enabled
May 19 14:14:42 arch-server kernel: snd_hda_intel 0000:01:00.1: Force to non-snoop mode
May 19 14:14:42 arch-server kernel: e1000e 0000:00:19.0 0000:00:19.0 (uninitialized): registered PHC clock
May 19 14:14:42 arch-server kernel: input: HDA ATI HDMI HDMI/DP,pcm=3 as /devices/pci0000:00/0000:00:01.0/0000:01:00.1/sound/card1/input4
May 19 14:14:42 arch-server kernel: input: HDA ATI HDMI HDMI/DP,pcm=7 as /devices/pci0000:00/0000:00:01.0/0000:01:00.1/sound/card1/input5
May 19 14:14:42 arch-server kernel: input: HDA ATI HDMI HDMI/DP,pcm=8 as /devices/pci0000:00/0000:00:01.0/0000:01:00.1/sound/card1/input6
May 19 14:14:42 arch-server kernel: input: HDA ATI HDMI HDMI/DP,pcm=9 as /devices/pci0000:00/0000:00:01.0/0000:01:00.1/sound/card1/input7
May 19 14:14:42 arch-server kernel: input: HDA ATI HDMI HDMI/DP,pcm=10 as /devices/pci0000:00/0000:00:01.0/0000:01:00.1/sound/card1/input8
May 19 14:14:42 arch-server kernel: input: HDA ATI HDMI HDMI/DP,pcm=11 as /devices/pci0000:00/0000:00:01.0/0000:01:00.1/sound/card1/input9
May 19 14:14:42 arch-server kernel: snd_hda_codec_realtek hdaudioC0D0: autoconfig for ALC892: line_outs=3 (0x14/0x15/0x16/0x0/0x0) type:line
May 19 14:14:42 arch-server kernel: snd_hda_codec_realtek hdaudioC0D0:    speaker_outs=0 (0x0/0x0/0x0/0x0/0x0)
May 19 14:14:42 arch-server kernel: snd_hda_codec_realtek hdaudioC0D0:    hp_outs=1 (0x1b/0x0/0x0/0x0/0x0)
May 19 14:14:42 arch-server kernel: snd_hda_codec_realtek hdaudioC0D0:    mono: mono_out=0x0
May 19 14:14:42 arch-server kernel: snd_hda_codec_realtek hdaudioC0D0:    dig-out=0x11/0x1e
May 19 14:14:42 arch-server kernel: snd_hda_codec_realtek hdaudioC0D0:    inputs:
May 19 14:14:42 arch-server kernel: snd_hda_codec_realtek hdaudioC0D0:      Front Mic=0x19
May 19 14:14:42 arch-server kernel: snd_hda_codec_realtek hdaudioC0D0:      Rear Mic=0x18
May 19 14:14:42 arch-server kernel: snd_hda_codec_realtek hdaudioC0D0:      Line=0x1a
May 19 14:14:42 arch-server kernel: input: HDA Intel PCH Front Mic as /devices/pci0000:00/0000:00:1b.0/sound/card0/input10
May 19 14:14:42 arch-server kernel: input: HDA Intel PCH Rear Mic as /devices/pci0000:00/0000:00:1b.0/sound/card0/input11
May 19 14:14:42 arch-server kernel: input: HDA Intel PCH Line as /devices/pci0000:00/0000:00:1b.0/sound/card0/input12
May 19 14:14:42 arch-server kernel: input: HDA Intel PCH Line Out Front as /devices/pci0000:00/0000:00:1b.0/sound/card0/input13
May 19 14:14:42 arch-server kernel: input: HDA Intel PCH Line Out Surround as /devices/pci0000:00/0000:00:1b.0/sound/card0/input14
May 19 14:14:42 arch-server kernel: input: HDA Intel PCH Line Out CLFE as /devices/pci0000:00/0000:00:1b.0/sound/card0/input15
May 19 14:14:42 arch-server kernel: input: HDA Intel PCH Front Headphone as /devices/pci0000:00/0000:00:1b.0/sound/card0/input16
May 19 14:14:42 arch-server kernel: intel_rapl_common: Found RAPL domain package
May 19 14:14:42 arch-server kernel: intel_rapl_common: Found RAPL domain core
May 19 14:14:42 arch-server kernel: intel_rapl_common: Found RAPL domain dram
May 19 14:14:42 arch-server kernel: e1000e 0000:00:19.0 eth0: (PCI Express:2.5GT/s:Width x1) 78:24:af:8a:6e:33
May 19 14:14:42 arch-server kernel: e1000e 0000:00:19.0 eth0: Intel(R) PRO/1000 Network Connection
May 19 14:14:42 arch-server kernel: e1000e 0000:00:19.0 eth0: MAC: 11, PHY: 12, PBA No: FFFFFF-0FF
May 19 14:14:42 arch-server kernel: e1000e 0000:00:19.0 eno1: renamed from eth0
May 19 14:14:44 arch-server kernel: [drm] amdgpu kernel modesetting enabled.
May 19 14:14:44 arch-server kernel: amdgpu: Virtual CRAT table created for CPU
May 19 14:14:44 arch-server kernel: amdgpu: Topology: Add CPU node
May 19 14:14:44 arch-server kernel: [drm] initializing kernel modesetting (POLARIS10 0x1002:0x67DF 0x1DA2:0xE366 0xEF).
May 19 14:14:44 arch-server kernel: [drm] register mmio base: 0xDFE00000
May 19 14:14:44 arch-server kernel: [drm] register mmio size: 262144
May 19 14:14:44 arch-server kernel: [drm] add ip block number 0 <vi_common>
May 19 14:14:44 arch-server kernel: [drm] add ip block number 1 <gmc_v8_0>
May 19 14:14:44 arch-server kernel: [drm] add ip block number 2 <tonga_ih>
May 19 14:14:44 arch-server kernel: [drm] add ip block number 3 <gfx_v8_0>
May 19 14:14:44 arch-server kernel: [drm] add ip block number 4 <sdma_v3_0>
May 19 14:14:44 arch-server kernel: [drm] add ip block number 5 <powerplay>
May 19 14:14:44 arch-server kernel: [drm] add ip block number 6 <dm>
May 19 14:14:44 arch-server kernel: [drm] add ip block number 7 <uvd_v6_0>
May 19 14:14:44 arch-server kernel: [drm] add ip block number 8 <vce_v3_0>
May 19 14:14:44 arch-server kernel: resource: resource sanity check: requesting [mem 0x00000000000c0000-0x00000000000dffff], which spans more than PCI Bus 0000:00 [mem 0x000d0000-0x000dffff window]
May 19 14:14:44 arch-server kernel: caller pci_map_rom+0x69/0x1a0 mapping multiple BARs
May 19 14:14:44 arch-server kernel: amdgpu 0000:01:00.0: No more image in the PCI ROM
May 19 14:14:44 arch-server kernel: amdgpu 0000:01:00.0: amdgpu: Fetched VBIOS from ROM BAR
May 19 14:14:44 arch-server kernel: amdgpu: ATOM BIOS: 113-2E366DU-S5U
May 19 14:14:44 arch-server kernel: [drm] UVD is enabled in VM mode
May 19 14:14:44 arch-server kernel: [drm] UVD ENC is enabled in VM mode
May 19 14:14:44 arch-server kernel: [drm] VCE enabled in VM mode
May 19 14:14:44 arch-server kernel: Console: switching to colour dummy device 80x25
May 19 14:14:44 arch-server kernel: amdgpu 0000:01:00.0: vgaarb: deactivate vga console
May 19 14:14:44 arch-server kernel: amdgpu 0000:01:00.0: amdgpu: Trusted Memory Zone (TMZ) feature not supported
May 19 14:14:44 arch-server kernel: [drm] vm size is 64 GB, 2 levels, block size is 10-bit, fragment size is 9-bit
May 19 14:14:44 arch-server kernel: amdgpu 0000:01:00.0: amdgpu: VRAM: 8192M 0x000000F400000000 - 0x000000F5FFFFFFFF (8192M used)
May 19 14:14:44 arch-server kernel: amdgpu 0000:01:00.0: amdgpu: GART: 256M 0x000000FF00000000 - 0x000000FF0FFFFFFF
May 19 14:14:44 arch-server kernel: [drm] Detected VRAM RAM=8192M, BAR=256M
May 19 14:14:44 arch-server kernel: [drm] RAM width 256bits GDDR5
May 19 14:14:44 arch-server kernel: [drm] amdgpu: 8192M of VRAM memory ready
May 19 14:14:44 arch-server kernel: [drm] amdgpu: 7968M of GTT memory ready.
May 19 14:14:44 arch-server kernel: [drm] GART: num cpu pages 65536, num gpu pages 65536
May 19 14:14:44 arch-server kernel: [drm] PCIE GART of 256M enabled (table at 0x000000F400300000).
May 19 14:14:44 arch-server kernel: [drm] Chained IB support enabled!
May 19 14:14:44 arch-server kernel: amdgpu: hwmgr_sw_init smu backed is polaris10_smu
May 19 14:14:44 arch-server kernel: [drm] Found UVD firmware Version: 1.130 Family ID: 16
May 19 14:14:44 arch-server kernel: [drm] Found VCE firmware Version: 53.26 Binary ID: 3
May 19 14:14:44 arch-server kernel: [drm] Display Core v3.2.273 initialized on DCE 11.2
May 19 14:14:44 arch-server kernel: snd_hda_intel 0000:01:00.1: bound 0000:01:00.0 (ops amdgpu_dm_audio_component_bind_ops [amdgpu])
May 19 14:14:45 arch-server kernel: [drm:uvd_v6_0_start [amdgpu]] *ERROR* UVD not responding, trying to reset the VCPU!!!
May 19 14:14:46 arch-server kernel: [drm:uvd_v6_0_start [amdgpu]] *ERROR* UVD not responding, trying to reset the VCPU!!!
May 19 14:14:47 arch-server kernel: [drm:uvd_v6_0_start [amdgpu]] *ERROR* UVD not responding, trying to reset the VCPU!!!
May 19 14:14:47 arch-server kernel: e1000e 0000:00:19.0 eno1: NIC Link is Up 1000 Mbps Full Duplex, Flow Control: Rx/Tx
May 19 14:14:48 arch-server kernel: [drm:uvd_v6_0_start [amdgpu]] *ERROR* UVD not responding, trying to reset the VCPU!!!
May 19 14:14:49 arch-server kernel: [drm:uvd_v6_0_start [amdgpu]] *ERROR* UVD not responding, trying to reset the VCPU!!!
May 19 14:14:50 arch-server kernel: [drm:uvd_v6_0_start [amdgpu]] *ERROR* UVD not responding, trying to reset the VCPU!!!
May 19 14:14:51 arch-server kernel: [drm:uvd_v6_0_start [amdgpu]] *ERROR* UVD not responding, trying to reset the VCPU!!!
May 19 14:14:52 arch-server kernel: [drm:uvd_v6_0_start [amdgpu]] *ERROR* UVD not responding, trying to reset the VCPU!!!
May 19 14:14:53 arch-server kernel: [drm:uvd_v6_0_start [amdgpu]] *ERROR* UVD not responding, trying to reset the VCPU!!!
May 19 14:14:54 arch-server kernel: [drm:uvd_v6_0_start [amdgpu]] *ERROR* UVD not responding, trying to reset the VCPU!!!
May 19 14:14:54 arch-server kernel: [drm:uvd_v6_0_start [amdgpu]] *ERROR* UVD not responding, giving up!!!
May 19 14:14:54 arch-server kernel: [drm:amdgpu_device_ip_set_powergating_state [amdgpu]] *ERROR* set_powergating_state of IP block <uvd_v6_0> failed -1
May 19 14:14:54 arch-server kernel: amdgpu 0000:01:00.0: [drm:amdgpu_ring_test_helper [amdgpu]] *ERROR* ring uvd test failed (-110)
May 19 14:14:54 arch-server kernel: [drm:amdgpu_device_init.cold [amdgpu]] *ERROR* hw_init of IP block <uvd_v6_0> failed -110
May 19 14:14:54 arch-server kernel: amdgpu 0000:01:00.0: amdgpu: amdgpu_device_ip_init failed
May 19 14:14:54 arch-server kernel: amdgpu 0000:01:00.0: amdgpu: Fatal error during GPU init
May 19 14:14:54 arch-server kernel: amdgpu 0000:01:00.0: amdgpu: amdgpu: finishing device.
May 19 14:14:54 arch-server kernel: ------------[ cut here ]------------
May 19 14:14:54 arch-server kernel: WARNING: CPU: 2 PID: 300 at drivers/gpu/drm/amd/amdgpu/amdgpu_irq.c:622 amdgpu_irq_put+0x46/0x70 [amdgpu]
May 19 14:14:54 arch-server kernel: Modules linked in: amdgpu(+) intel_rapl_msr intel_rapl_common x86_pkg_temp_thermal intel_powerclamp coretemp crct10dif_pclmul crc32_pclmul polyval_clmulni snd_hda_codec_realtek polyval_generic gf128mul snd_hda_codec_generic snd_hda_scodec_component ghash_clmulni_intel sha512_ssse3 amdxcp snd_hda_codec_hdmi sha256_ssse3 sha1_ssse3 drm_exec snd_hda_intel aesni_intel gpu_sched snd_intel_dspcfg drm_buddy crypto_simd i2c_algo_bit snd_intel_sdw_acpi eeepc_wmi cryptd snd_hda_codec drm_suballoc_helper asus_wmi platform_profile drm_ttm_helper snd_hda_core rapl snd_hwdep ttm iTCO_wdt i8042 sparse_keymap at24 snd_pcm intel_pmc_bxt mei_hdcp mei_pxp intel_cstate drm_display_helper serio iTCO_vendor_support vfat snd_timer wmi_bmof mxm_wmi intel_uncore fat pcspkr rfkill e1000e i2c_i801 mei_me cec lpc_ich snd i2c_smbus ptp mei soundcore pps_core video wmi acpi_pad mac_hid loop dm_mod nfnetlink zram ip_tables x_tables ext4 crc32c_generic crc16 mbcache jbd2 nvme nvme_core crc32c_intel nvme_auth xhci_pci xhci_pci_renesas
May 19 14:14:54 arch-server kernel: CPU: 2 PID: 300 Comm: (udev-worker) Not tainted 6.9.1-arch1-1 #1 8721656fa781c58301f7268d475f3e6380e2b47c
May 19 14:14:54 arch-server kernel: Hardware name: ASUS All Series/Z97-AR, BIOS 3503 04/18/2018
May 19 14:14:54 arch-server kernel: RIP: 0010:amdgpu_irq_put+0x46/0x70 [amdgpu]
May 19 14:14:54 arch-server kernel: Code: c0 74 33 48 8b 4e 10 48 83 39 00 74 29 89 d1 48 8d 04 88 8b 08 85 c9 74 11 f0 ff 08 74 07 31 c0 c3 cc cc cc cc e9 5a fd ff ff <0f> 0b b8 ea ff ff ff c3 cc cc cc cc b8 ea ff ff ff c3 cc cc cc cc
May 19 14:14:54 arch-server kernel: RSP: 0018:ffffbac680507870 EFLAGS: 00010246
May 19 14:14:54 arch-server kernel: RAX: ffff9ae20fc55500 RBX: ffff9ae20ff98860 RCX: 0000000000000000
May 19 14:14:54 arch-server kernel: RDX: 0000000000000000 RSI: ffff9ae20ffa54a0 RDI: ffff9ae20ff80000
May 19 14:14:54 arch-server kernel: RBP: ffff9ae20ff901e0 R08: 0000000000000000 R09: 000000000010000c
May 19 14:14:54 arch-server kernel: R10: 000000000010000c R11: ffff9ae20ff80010 R12: ffff9ae20ff905c0
May 19 14:14:54 arch-server kernel: R13: ffff9ae20ff80010 R14: ffff9ae20ff80000 R15: ffff9ae20ffa54a0
May 19 14:14:54 arch-server kernel: FS:  000076136a0cf640(0000) GS:ffff9ae52ed00000(0000) knlGS:0000000000000000
May 19 14:14:54 arch-server kernel: CS:  0010 DS: 0000 ES: 0000 CR0: 0000000080050033
May 19 14:14:54 arch-server kernel: CR2: 00007e9fc27fff78 CR3: 0000000100262005 CR4: 00000000001706f0
May 19 14:14:54 arch-server kernel: Call Trace:
May 19 14:14:54 arch-server kernel:  <TASK>
May 19 14:14:54 arch-server kernel:  ? amdgpu_irq_put+0x46/0x70 [amdgpu 11785c3085e75bb1d1465c3bd7f7962d53ef457f]
May 19 14:14:54 arch-server kernel:  ? __warn.cold+0x8e/0xe8
May 19 14:14:54 arch-server kernel:  ? amdgpu_irq_put+0x46/0x70 [amdgpu 11785c3085e75bb1d1465c3bd7f7962d53ef457f]
May 19 14:14:54 arch-server kernel:  ? report_bug+0xff/0x140
May 19 14:14:54 arch-server kernel:  ? handle_bug+0x3c/0x80
May 19 14:14:54 arch-server kernel:  ? exc_invalid_op+0x17/0x70
May 19 14:14:54 arch-server kernel:  ? asm_exc_invalid_op+0x1a/0x20
May 19 14:14:54 arch-server kernel:  ? amdgpu_irq_put+0x46/0x70 [amdgpu 11785c3085e75bb1d1465c3bd7f7962d53ef457f]
May 19 14:14:54 arch-server kernel:  amdgpu_fence_driver_hw_fini+0xfd/0x130 [amdgpu 11785c3085e75bb1d1465c3bd7f7962d53ef457f]
May 19 14:14:54 arch-server kernel:  amdgpu_device_fini_hw+0x97/0x31d [amdgpu 11785c3085e75bb1d1465c3bd7f7962d53ef457f]
May 19 14:14:54 arch-server kernel:  amdgpu_driver_load_kms.cold+0x54/0x6a [amdgpu 11785c3085e75bb1d1465c3bd7f7962d53ef457f]
May 19 14:14:54 arch-server kernel:  amdgpu_pci_probe+0x187/0x400 [amdgpu 11785c3085e75bb1d1465c3bd7f7962d53ef457f]
May 19 14:14:54 arch-server kernel:  local_pci_probe+0x45/0x90
May 19 14:14:54 arch-server kernel:  pci_device_probe+0xbd/0x290
May 19 14:14:54 arch-server kernel:  ? sysfs_do_create_link_sd+0x6e/0xe0
May 19 14:14:54 arch-server kernel:  really_probe+0xde/0x340
May 19 14:14:54 arch-server kernel:  ? pm_runtime_barrier+0x54/0x90
May 19 14:14:54 arch-server kernel:  ? __pfx___driver_attach+0x10/0x10
May 19 14:14:54 arch-server kernel:  __driver_probe_device+0x78/0x110
May 19 14:14:54 arch-server kernel:  driver_probe_device+0x1f/0xa0
May 19 14:14:54 arch-server kernel:  __driver_attach+0xba/0x1c0
May 19 14:14:54 arch-server kernel:  bus_for_each_dev+0x8f/0xe0
May 19 14:14:54 arch-server kernel:  bus_add_driver+0x116/0x1f0
May 19 14:14:54 arch-server kernel:  driver_register+0x72/0xd0
May 19 14:14:54 arch-server kernel:  ? __pfx_amdgpu_init+0x10/0x10 [amdgpu 11785c3085e75bb1d1465c3bd7f7962d53ef457f]
May 19 14:14:54 arch-server kernel:  do_one_initcall+0x5b/0x310
May 19 14:14:54 arch-server kernel:  do_init_module+0x60/0x220
May 19 14:14:54 arch-server kernel:  init_module_from_file+0x89/0xe0
May 19 14:14:54 arch-server kernel:  idempotent_init_module+0x121/0x2b0
May 19 14:14:54 arch-server kernel:  __x64_sys_finit_module+0x5e/0xb0
May 19 14:14:54 arch-server kernel:  do_syscall_64+0x82/0x160
May 19 14:14:54 arch-server kernel:  ? do_sys_openat2+0x9c/0xe0
May 19 14:14:54 arch-server kernel:  ? switch_fpu_return+0x4e/0xd0
May 19 14:14:54 arch-server kernel:  ? syscall_exit_to_user_mode+0x75/0x210
May 19 14:14:54 arch-server kernel:  ? do_syscall_64+0x8e/0x160
May 19 14:14:54 arch-server kernel:  ? syscall_exit_to_user_mode+0x75/0x210
May 19 14:14:54 arch-server kernel:  ? do_syscall_64+0x8e/0x160
May 19 14:14:54 arch-server kernel:  ? do_sys_openat2+0x9c/0xe0
May 19 14:14:54 arch-server kernel:  ? syscall_exit_to_user_mode+0x75/0x210
May 19 14:14:54 arch-server kernel:  ? do_syscall_64+0x8e/0x160
May 19 14:14:54 arch-server kernel:  ? exc_page_fault+0x81/0x190
May 19 14:14:54 arch-server kernel:  entry_SYSCALL_64_after_hwframe+0x76/0x7e
May 19 14:14:54 arch-server kernel: RIP: 0033:0x76136a495e9d
May 19 14:14:54 arch-server kernel: Code: ff c3 66 2e 0f 1f 84 00 00 00 00 00 90 f3 0f 1e fa 48 89 f8 48 89 f7 48 89 d6 48 89 ca 4d 89 c2 4d 89 c8 4c 8b 4c 24 08 0f 05 <48> 3d 01 f0 ff ff 73 01 c3 48 8b 0d 63 de 0c 00 f7 d8 64 89 01 48
May 19 14:14:54 arch-server kernel: RSP: 002b:00007ffd35434f48 EFLAGS: 00000246 ORIG_RAX: 0000000000000139
May 19 14:14:54 arch-server kernel: RAX: ffffffffffffffda RBX: 0000594bfb429260 RCX: 000076136a495e9d
May 19 14:14:54 arch-server kernel: RDX: 0000000000000004 RSI: 000076136a5af376 RDI: 000000000000002a
May 19 14:14:54 arch-server kernel: RBP: 000076136a5af376 R08: 0000000000000001 R09: 00007ffd35434f90
May 19 14:14:54 arch-server kernel: R10: 0000000000000050 R11: 0000000000000246 R12: 0000000000020000
May 19 14:14:54 arch-server kernel: R13: 0000594bfb41d6a0 R14: 0000000000000000 R15: 0000594bfb42d170
May 19 14:14:54 arch-server kernel:  </TASK>
May 19 14:14:54 arch-server kernel: ---[ end trace 0000000000000000 ]---
May 19 14:14:54 arch-server kernel: ------------[ cut here ]------------
May 19 14:14:54 arch-server kernel: WARNING: CPU: 2 PID: 300 at drivers/gpu/drm/amd/amdgpu/amdgpu_irq.c:622 amdgpu_irq_put+0x46/0x70 [amdgpu]
May 19 14:14:54 arch-server kernel: Modules linked in: amdgpu(+) intel_rapl_msr intel_rapl_common x86_pkg_temp_thermal intel_powerclamp coretemp crct10dif_pclmul crc32_pclmul polyval_clmulni snd_hda_codec_realtek polyval_generic gf128mul snd_hda_codec_generic snd_hda_scodec_component ghash_clmulni_intel sha512_ssse3 amdxcp snd_hda_codec_hdmi sha256_ssse3 sha1_ssse3 drm_exec snd_hda_intel aesni_intel gpu_sched snd_intel_dspcfg drm_buddy crypto_simd i2c_algo_bit snd_intel_sdw_acpi eeepc_wmi cryptd snd_hda_codec drm_suballoc_helper asus_wmi platform_profile drm_ttm_helper snd_hda_core rapl snd_hwdep ttm iTCO_wdt i8042 sparse_keymap at24 snd_pcm intel_pmc_bxt mei_hdcp mei_pxp intel_cstate drm_display_helper serio iTCO_vendor_support vfat snd_timer wmi_bmof mxm_wmi intel_uncore fat pcspkr rfkill e1000e i2c_i801 mei_me cec lpc_ich snd i2c_smbus ptp mei soundcore pps_core video wmi acpi_pad mac_hid loop dm_mod nfnetlink zram ip_tables x_tables ext4 crc32c_generic crc16 mbcache jbd2 nvme nvme_core crc32c_intel nvme_auth xhci_pci xhci_pci_renesas
May 19 14:14:54 arch-server kernel: CPU: 2 PID: 300 Comm: (udev-worker) Tainted: G        W          6.9.1-arch1-1 #1 8721656fa781c58301f7268d475f3e6380e2b47c
May 19 14:14:54 arch-server kernel: Hardware name: ASUS All Series/Z97-AR, BIOS 3503 04/18/2018
May 19 14:14:54 arch-server kernel: RIP: 0010:amdgpu_irq_put+0x46/0x70 [amdgpu]
May 19 14:14:54 arch-server kernel: Code: c0 74 33 48 8b 4e 10 48 83 39 00 74 29 89 d1 48 8d 04 88 8b 08 85 c9 74 11 f0 ff 08 74 07 31 c0 c3 cc cc cc cc e9 5a fd ff ff <0f> 0b b8 ea ff ff ff c3 cc cc cc cc b8 ea ff ff ff c3 cc cc cc cc
May 19 14:14:54 arch-server kernel: RSP: 0018:ffffbac680507870 EFLAGS: 00010246
May 19 14:14:54 arch-server kernel: RAX: ffff9ae20fc55508 RBX: ffff9ae20ff98e98 RCX: 0000000000000000
May 19 14:14:54 arch-server kernel: RDX: 0000000000000002 RSI: ffff9ae20ffa54a0 RDI: ffff9ae20ff80000
May 19 14:14:54 arch-server kernel: RBP: ffff9ae20ff901e8 R08: 0000000000000000 R09: 000000000010000c
May 19 14:14:54 arch-server kernel: R10: 000000000010000c R11: ffff9ae20ff80010 R12: ffff9ae20ff905c0
May 19 14:14:54 arch-server kernel: R13: ffff9ae20ff80010 R14: ffff9ae20ff80000 R15: ffff9ae20ffa54a0
May 19 14:14:54 arch-server kernel: FS:  000076136a0cf640(0000) GS:ffff9ae52ed00000(0000) knlGS:0000000000000000
May 19 14:14:54 arch-server kernel: CS:  0010 DS: 0000 ES: 0000 CR0: 0000000080050033
May 19 14:14:54 arch-server kernel: CR2: 00007e9fc27fff78 CR3: 0000000100262005 CR4: 00000000001706f0
May 19 14:14:54 arch-server kernel: Call Trace:
May 19 14:14:54 arch-server kernel:  <TASK>
May 19 14:14:54 arch-server kernel:  ? amdgpu_irq_put+0x46/0x70 [amdgpu 11785c3085e75bb1d1465c3bd7f7962d53ef457f]
May 19 14:14:54 arch-server kernel:  ? __warn.cold+0x8e/0xe8
May 19 14:14:54 arch-server kernel:  ? amdgpu_irq_put+0x46/0x70 [amdgpu 11785c3085e75bb1d1465c3bd7f7962d53ef457f]
May 19 14:14:54 arch-server kernel:  ? report_bug+0xff/0x140
May 19 14:14:54 arch-server kernel:  ? handle_bug+0x3c/0x80
May 19 14:14:54 arch-server kernel:  ? exc_invalid_op+0x17/0x70
May 19 14:14:54 arch-server kernel:  ? asm_exc_invalid_op+0x1a/0x20
May 19 14:14:54 arch-server kernel:  ? amdgpu_irq_put+0x46/0x70 [amdgpu 11785c3085e75bb1d1465c3bd7f7962d53ef457f]
May 19 14:14:54 arch-server kernel:  amdgpu_fence_driver_hw_fini+0xfd/0x130 [amdgpu 11785c3085e75bb1d1465c3bd7f7962d53ef457f]
May 19 14:14:54 arch-server kernel:  amdgpu_device_fini_hw+0x97/0x31d [amdgpu 11785c3085e75bb1d1465c3bd7f7962d53ef457f]
May 19 14:14:54 arch-server kernel:  amdgpu_driver_load_kms.cold+0x54/0x6a [amdgpu 11785c3085e75bb1d1465c3bd7f7962d53ef457f]
May 19 14:14:54 arch-server kernel:  amdgpu_pci_probe+0x187/0x400 [amdgpu 11785c3085e75bb1d1465c3bd7f7962d53ef457f]
May 19 14:14:54 arch-server kernel:  local_pci_probe+0x45/0x90
May 19 14:14:54 arch-server kernel:  pci_device_probe+0xbd/0x290
May 19 14:14:54 arch-server kernel:  ? sysfs_do_create_link_sd+0x6e/0xe0
May 19 14:14:54 arch-server kernel:  really_probe+0xde/0x340
May 19 14:14:54 arch-server kernel:  ? pm_runtime_barrier+0x54/0x90
May 19 14:14:54 arch-server kernel:  ? __pfx___driver_attach+0x10/0x10
May 19 14:14:54 arch-server kernel:  __driver_probe_device+0x78/0x110
May 19 14:14:54 arch-server kernel:  driver_probe_device+0x1f/0xa0
May 19 14:14:54 arch-server kernel:  __driver_attach+0xba/0x1c0
May 19 14:14:54 arch-server kernel:  bus_for_each_dev+0x8f/0xe0
May 19 14:14:54 arch-server kernel:  bus_add_driver+0x116/0x1f0
May 19 14:14:54 arch-server kernel:  driver_register+0x72/0xd0
May 19 14:14:54 arch-server kernel:  ? __pfx_amdgpu_init+0x10/0x10 [amdgpu 11785c3085e75bb1d1465c3bd7f7962d53ef457f]
May 19 14:14:54 arch-server kernel:  do_one_initcall+0x5b/0x310
May 19 14:14:54 arch-server kernel:  do_init_module+0x60/0x220
May 19 14:14:54 arch-server kernel:  init_module_from_file+0x89/0xe0
May 19 14:14:54 arch-server kernel:  idempotent_init_module+0x121/0x2b0
May 19 14:14:54 arch-server kernel:  __x64_sys_finit_module+0x5e/0xb0
May 19 14:14:54 arch-server kernel:  do_syscall_64+0x82/0x160
May 19 14:14:54 arch-server kernel:  ? do_sys_openat2+0x9c/0xe0
May 19 14:14:54 arch-server kernel:  ? switch_fpu_return+0x4e/0xd0
May 19 14:14:54 arch-server kernel:  ? syscall_exit_to_user_mode+0x75/0x210
May 19 14:14:54 arch-server kernel:  ? do_syscall_64+0x8e/0x160
May 19 14:14:54 arch-server kernel:  ? syscall_exit_to_user_mode+0x75/0x210
May 19 14:14:54 arch-server kernel:  ? do_syscall_64+0x8e/0x160
May 19 14:14:54 arch-server kernel:  ? do_sys_openat2+0x9c/0xe0
May 19 14:14:54 arch-server kernel:  ? syscall_exit_to_user_mode+0x75/0x210
May 19 14:14:54 arch-server kernel:  ? do_syscall_64+0x8e/0x160
May 19 14:14:54 arch-server kernel:  ? exc_page_fault+0x81/0x190
May 19 14:14:54 arch-server kernel:  entry_SYSCALL_64_after_hwframe+0x76/0x7e
May 19 14:14:54 arch-server kernel: RIP: 0033:0x76136a495e9d
May 19 14:14:54 arch-server kernel: Code: ff c3 66 2e 0f 1f 84 00 00 00 00 00 90 f3 0f 1e fa 48 89 f8 48 89 f7 48 89 d6 48 89 ca 4d 89 c2 4d 89 c8 4c 8b 4c 24 08 0f 05 <48> 3d 01 f0 ff ff 73 01 c3 48 8b 0d 63 de 0c 00 f7 d8 64 89 01 48
May 19 14:14:54 arch-server kernel: RSP: 002b:00007ffd35434f48 EFLAGS: 00000246 ORIG_RAX: 0000000000000139
May 19 14:14:54 arch-server kernel: RAX: ffffffffffffffda RBX: 0000594bfb429260 RCX: 000076136a495e9d
May 19 14:14:54 arch-server kernel: RDX: 0000000000000004 RSI: 000076136a5af376 RDI: 000000000000002a
May 19 14:14:54 arch-server kernel: RBP: 000076136a5af376 R08: 0000000000000001 R09: 00007ffd35434f90
May 19 14:14:54 arch-server kernel: R10: 0000000000000050 R11: 0000000000000246 R12: 0000000000020000
May 19 14:14:54 arch-server kernel: R13: 0000594bfb41d6a0 R14: 0000000000000000 R15: 0000594bfb42d170
May 19 14:14:54 arch-server kernel:  </TASK>
May 19 14:14:54 arch-server kernel: ---[ end trace 0000000000000000 ]---
May 19 14:14:54 arch-server kernel: ------------[ cut here ]------------
May 19 14:14:54 arch-server kernel: WARNING: CPU: 2 PID: 300 at drivers/gpu/drm/amd/amdgpu/amdgpu_irq.c:622 amdgpu_irq_put+0x46/0x70 [amdgpu]
May 19 14:14:54 arch-server kernel: Modules linked in: amdgpu(+) intel_rapl_msr intel_rapl_common x86_pkg_temp_thermal intel_powerclamp coretemp crct10dif_pclmul crc32_pclmul polyval_clmulni snd_hda_codec_realtek polyval_generic gf128mul snd_hda_codec_generic snd_hda_scodec_component ghash_clmulni_intel sha512_ssse3 amdxcp snd_hda_codec_hdmi sha256_ssse3 sha1_ssse3 drm_exec snd_hda_intel aesni_intel gpu_sched snd_intel_dspcfg drm_buddy crypto_simd i2c_algo_bit snd_intel_sdw_acpi eeepc_wmi cryptd snd_hda_codec drm_suballoc_helper asus_wmi platform_profile drm_ttm_helper snd_hda_core rapl snd_hwdep ttm iTCO_wdt i8042 sparse_keymap at24 snd_pcm intel_pmc_bxt mei_hdcp mei_pxp intel_cstate drm_display_helper serio iTCO_vendor_support vfat snd_timer wmi_bmof mxm_wmi intel_uncore fat pcspkr rfkill e1000e i2c_i801 mei_me cec lpc_ich snd i2c_smbus ptp mei soundcore pps_core video wmi acpi_pad mac_hid loop dm_mod nfnetlink zram ip_tables x_tables ext4 crc32c_generic crc16 mbcache jbd2 nvme nvme_core crc32c_intel nvme_auth xhci_pci xhci_pci_renesas
May 19 14:14:54 arch-server kernel: CPU: 2 PID: 300 Comm: (udev-worker) Tainted: G        W          6.9.1-arch1-1 #1 8721656fa781c58301f7268d475f3e6380e2b47c
May 19 14:14:54 arch-server kernel: Hardware name: ASUS All Series/Z97-AR, BIOS 3503 04/18/2018
May 19 14:14:54 arch-server kernel: RIP: 0010:amdgpu_irq_put+0x46/0x70 [amdgpu]
May 19 14:14:54 arch-server kernel: Code: c0 74 33 48 8b 4e 10 48 83 39 00 74 29 89 d1 48 8d 04 88 8b 08 85 c9 74 11 f0 ff 08 74 07 31 c0 c3 cc cc cc cc e9 5a fd ff ff <0f> 0b b8 ea ff ff ff c3 cc cc cc cc b8 ea ff ff ff c3 cc cc cc cc
May 19 14:14:54 arch-server kernel: RSP: 0018:ffffbac680507870 EFLAGS: 00010246
May 19 14:14:54 arch-server kernel: RAX: ffff9ae20fc5550c RBX: ffff9ae20ff991b0 RCX: 0000000000000000
May 19 14:14:54 arch-server kernel: RDX: 0000000000000003 RSI: ffff9ae20ffa54a0 RDI: ffff9ae20ff80000
May 19 14:14:54 arch-server kernel: RBP: ffff9ae20ff901f0 R08: 0000000000000000 R09: 000000000010000c
May 19 14:14:54 arch-server kernel: R10: 000000000010000c R11: ffff9ae20ff80010 R12: ffff9ae20ff905c0
May 19 14:14:54 arch-server kernel: R13: ffff9ae20ff80010 R14: ffff9ae20ff80000 R15: ffff9ae20ffa54a0
May 19 14:14:54 arch-server kernel: FS:  000076136a0cf640(0000) GS:ffff9ae52ed00000(0000) knlGS:0000000000000000
May 19 14:14:54 arch-server kernel: CS:  0010 DS: 0000 ES: 0000 CR0: 0000000080050033
May 19 14:14:54 arch-server kernel: CR2: 00007e9fc27fff78 CR3: 0000000100262005 CR4: 00000000001706f0
May 19 14:14:54 arch-server kernel: Call Trace:
May 19 14:14:54 arch-server kernel:  <TASK>
May 19 14:14:54 arch-server kernel:  ? amdgpu_irq_put+0x46/0x70 [amdgpu 11785c3085e75bb1d1465c3bd7f7962d53ef457f]
May 19 14:14:54 arch-server kernel:  ? __warn.cold+0x8e/0xe8
May 19 14:14:54 arch-server kernel:  ? amdgpu_irq_put+0x46/0x70 [amdgpu 11785c3085e75bb1d1465c3bd7f7962d53ef457f]
May 19 14:14:54 arch-server kernel:  ? report_bug+0xff/0x140
May 19 14:14:54 arch-server kernel:  ? handle_bug+0x3c/0x80
May 19 14:14:54 arch-server kernel:  ? exc_invalid_op+0x17/0x70
May 19 14:14:54 arch-server kernel:  ? asm_exc_invalid_op+0x1a/0x20
May 19 14:14:54 arch-server kernel:  ? amdgpu_irq_put+0x46/0x70 [amdgpu 11785c3085e75bb1d1465c3bd7f7962d53ef457f]
May 19 14:14:54 arch-server kernel:  amdgpu_fence_driver_hw_fini+0xfd/0x130 [amdgpu 11785c3085e75bb1d1465c3bd7f7962d53ef457f]
May 19 14:14:54 arch-server kernel:  amdgpu_device_fini_hw+0x97/0x31d [amdgpu 11785c3085e75bb1d1465c3bd7f7962d53ef457f]
May 19 14:14:54 arch-server kernel:  amdgpu_driver_load_kms.cold+0x54/0x6a [amdgpu 11785c3085e75bb1d1465c3bd7f7962d53ef457f]
May 19 14:14:54 arch-server kernel:  amdgpu_pci_probe+0x187/0x400 [amdgpu 11785c3085e75bb1d1465c3bd7f7962d53ef457f]
May 19 14:14:54 arch-server kernel:  local_pci_probe+0x45/0x90
May 19 14:14:54 arch-server kernel:  pci_device_probe+0xbd/0x290
May 19 14:14:54 arch-server kernel:  ? sysfs_do_create_link_sd+0x6e/0xe0
May 19 14:14:54 arch-server kernel:  really_probe+0xde/0x340
May 19 14:14:54 arch-server kernel:  ? pm_runtime_barrier+0x54/0x90
May 19 14:14:54 arch-server kernel:  ? __pfx___driver_attach+0x10/0x10
May 19 14:14:54 arch-server kernel:  __driver_probe_device+0x78/0x110
May 19 14:14:54 arch-server kernel:  driver_probe_device+0x1f/0xa0
May 19 14:14:54 arch-server kernel:  __driver_attach+0xba/0x1c0
May 19 14:14:54 arch-server kernel:  bus_for_each_dev+0x8f/0xe0
May 19 14:14:54 arch-server kernel:  bus_add_driver+0x116/0x1f0
May 19 14:14:54 arch-server kernel:  driver_register+0x72/0xd0
May 19 14:14:54 arch-server kernel:  ? __pfx_amdgpu_init+0x10/0x10 [amdgpu 11785c3085e75bb1d1465c3bd7f7962d53ef457f]
May 19 14:14:54 arch-server kernel:  do_one_initcall+0x5b/0x310
May 19 14:14:54 arch-server kernel:  do_init_module+0x60/0x220
May 19 14:14:54 arch-server kernel:  init_module_from_file+0x89/0xe0
May 19 14:14:54 arch-server kernel:  idempotent_init_module+0x121/0x2b0
May 19 14:14:54 arch-server kernel:  __x64_sys_finit_module+0x5e/0xb0
May 19 14:14:54 arch-server kernel:  do_syscall_64+0x82/0x160
May 19 14:14:54 arch-server kernel:  ? do_sys_openat2+0x9c/0xe0
May 19 14:14:54 arch-server kernel:  ? switch_fpu_return+0x4e/0xd0
May 19 14:14:54 arch-server kernel:  ? syscall_exit_to_user_mode+0x75/0x210
May 19 14:14:54 arch-server kernel:  ? do_syscall_64+0x8e/0x160
May 19 14:14:54 arch-server kernel:  ? syscall_exit_to_user_mode+0x75/0x210
May 19 14:14:54 arch-server kernel:  ? do_syscall_64+0x8e/0x160
May 19 14:14:54 arch-server kernel:  ? do_sys_openat2+0x9c/0xe0
May 19 14:14:54 arch-server kernel:  ? syscall_exit_to_user_mode+0x75/0x210
May 19 14:14:54 arch-server kernel:  ? do_syscall_64+0x8e/0x160
May 19 14:14:54 arch-server kernel:  ? exc_page_fault+0x81/0x190
May 19 14:14:54 arch-server kernel:  entry_SYSCALL_64_after_hwframe+0x76/0x7e
May 19 14:14:54 arch-server kernel: RIP: 0033:0x76136a495e9d
May 19 14:14:54 arch-server kernel: Code: ff c3 66 2e 0f 1f 84 00 00 00 00 00 90 f3 0f 1e fa 48 89 f8 48 89 f7 48 89 d6 48 89 ca 4d 89 c2 4d 89 c8 4c 8b 4c 24 08 0f 05 <48> 3d 01 f0 ff ff 73 01 c3 48 8b 0d 63 de 0c 00 f7 d8 64 89 01 48
May 19 14:14:54 arch-server kernel: RSP: 002b:00007ffd35434f48 EFLAGS: 00000246 ORIG_RAX: 0000000000000139
May 19 14:14:54 arch-server kernel: RAX: ffffffffffffffda RBX: 0000594bfb429260 RCX: 000076136a495e9d
May 19 14:14:54 arch-server kernel: RDX: 0000000000000004 RSI: 000076136a5af376 RDI: 000000000000002a
May 19 14:14:54 arch-server kernel: RBP: 000076136a5af376 R08: 0000000000000001 R09: 00007ffd35434f90
May 19 14:14:54 arch-server kernel: R10: 0000000000000050 R11: 0000000000000246 R12: 0000000000020000
May 19 14:14:54 arch-server kernel: R13: 0000594bfb41d6a0 R14: 0000000000000000 R15: 0000594bfb42d170
May 19 14:14:54 arch-server kernel:  </TASK>
May 19 14:14:54 arch-server kernel: ---[ end trace 0000000000000000 ]---
May 19 14:14:54 arch-server kernel: ------------[ cut here ]------------
May 19 14:14:54 arch-server kernel: WARNING: CPU: 2 PID: 300 at drivers/gpu/drm/amd/amdgpu/amdgpu_irq.c:622 amdgpu_irq_put+0x46/0x70 [amdgpu]
